{"level":"warn","module":"runtime","msg":"\u001b[2J\u001b[01;01H\u001b[=3h\u001b[2J\u001b[01;01H[    0.000000] tdx: Guest detected","ts":"2025-07-04T03:23:58.347545949Z"}
{"level":"warn","module":"runtime","msg":"[    0.000000] Linux version 6.12.27-yocto-tiny (oe-user@oe-host) (x86_64-poky-linux-gcc (GCC) 13.3.0, GNU ld (GNU Binutils) 2.42.0.20240716) #1 SMP PREEMPT Tue May  6 14:20:34 UTC 2025","ts":"2025-07-04T03:23:58.352731383Z"}
{"level":"warn","module":"runtime","msg":"[    0.000000] Command line: console=ttyS0 oasis.stage2.roothash=e4ab4ad55ae69c84e685cb3f0e0ebc26de85a33cf1403206c15203b8411222c0 oasis.stage2.hash_offset=69386240 oasis.stage2.storage_mode=custom oasis.stage2.storage_size=1048576 oasis.stage2.storage_offset=4194304 ROFL_APP_ID=rofl1qz0vzsa0vt9vy4ex9gq4457h43uu7kukhv9naf8f ROFL_CONSENSUS_TRUST_ROOT=pGRoYXNoeEAzMmJiNjgwMGY0MWMzMDhmMmE1Njk5ZGQxOTkyMTYwMzM3MmZiZjFhNTUwMDQ5MmRkOWQ1MGJiYjQ1OGIxYWE5ZmhlaWdodBoBoUGvanJ1bnRpbWVfaWRYIAAAAAAAAAAAAAAAAAAAAAAAAAAAAAAAAKbR4+v2Df9sbWNoYWluX2NvbnRleHR4QDBiOTFiOGU0ZTQ0YjIwMDNhN2M1ZTIzZGRhZGI1ZTE0ZWY1MzQ1YzBlYmNiM2RkY2FlMDdmYTJmMjQ0Y2FiNzY=","ts":"2025-07-04T03:23:58.36971197Z"}
{"level":"warn","module":"runtime","msg":"[    0.000000] x86/split lock detection: #DB: warning on user-space bus_locks","ts":"2025-07-04T03:23:58.371826071Z"}
{"level":"warn","module":"runtime","msg":"[    0.000000] BIOS-provided physical RAM map:","ts":"2025-07-04T03:23:58.373164999Z"}
{"level":"warn","module":"runtime","msg":"[    0.000000] BIOS-e820: [mem 0x0000000000000000-0x000000000080bfff] usable","ts":"2025-07-04T03:23:58.375445745Z"}
{"level":"warn","module":"runtime","msg":"[    0.000000] BIOS-e820: [mem 0x000000000080c000-0x000000000080cfff] ACPI NVS","ts":"2025-07-04T03:23:58.377744434Z"}
{"level":"warn","module":"runtime","msg":"[    0.000000] BIOS-e820: [mem 0x000000000080d000-0x0000000016672fff] usable","ts":"2025-07-04T03:23:58.37994552Z"}
{"level":"warn","module":"runtime","msg":"[    0.000000] BIOS-e820: [mem 0x0000000016673000-0x0000000016673fff] ACPI data","ts":"2025-07-04T03:23:58.382269118Z"}
{"level":"warn","module":"runtime","msg":"[    0.000000] BIOS-e820: [mem 0x0000000016674000-0x000000001668ffff] usable","ts":"2025-07-04T03:23:58.384503899Z"}
{"level":"warn","module":"runtime","msg":"[    0.000000] BIOS-e820: [mem 0x0000000016690000-0x0000000016690fff] ACPI data","ts":"2025-07-04T03:23:58.386782048Z"}
{"level":"warn","module":"runtime","msg":"[    0.000000] BIOS-e820: [mem 0x0000000016691000-0x0000000016692fff] usable","ts":"2025-07-04T03:23:58.388885703Z"}
{"level":"warn","module":"runtime","msg":"[    0.000000] BIOS-e820: [mem 0x0000000016693000-0x0000000016693fff] ACPI data","ts":"2025-07-04T03:23:58.391136903Z"}
{"level":"warn","module":"runtime","msg":"[    0.000000] BIOS-e820: [mem 0x0000000016694000-0x0000000016698fff] reserved","ts":"2025-07-04T03:23:58.393372105Z"}
{"level":"warn","module":"runtime","msg":"[    0.000000] BIOS-e820: [mem 0x0000000016699000-0x00000000166b0fff] ACPI NVS","ts":"2025-07-04T03:23:58.395547813Z"}
{"level":"warn","module":"runtime","msg":"[    0.000000] BIOS-e820: [mem 0x00000000166b1000-0x000000001673afff] reserved","ts":"2025-07-04T03:23:58.397675049Z"}
{"level":"warn","module":"runtime","msg":"[    0.000000] BIOS-e820: [mem 0x000000001673b000-0x00000000177bafff] usable","ts":"2025-07-04T03:23:58.399882577Z"}
{"level":"warn","module":"runtime","msg":"[    0.000000] BIOS-e820: [mem 0x00000000177bb000-0x0000000017812fff] reserved","ts":"2025-07-04T03:23:58.402155249Z"}
{"level":"warn","module":"runtime","msg":"[    0.000000] BIOS-e820: [mem 0x0000000017813000-0x000000001781afff] ACPI data","ts":"2025-07-04T03:23:58.404466723Z"}
{"level":"warn","module":"runtime","msg":"[    0.000000] BIOS-e820: [mem 0x000000001781b000-0x000000001781efff] ACPI NVS","ts":"2025-07-04T03:23:58.406738358Z"}
{"level":"warn","module":"runtime","msg":"[    0.000000] BIOS-e820: [mem 0x000000001781f000-0x0000000018f7bfff] usable","ts":"2025-07-04T03:23:58.40881676Z"}
{"level":"warn","module":"runtime","msg":"[    0.000000] BIOS-e820: [mem 0x0000000018f7c000-0x0000000018ffffff] reserved","ts":"2025-07-04T03:23:58.411009166Z"}
{"level":"warn","module":"runtime","msg":"[    0.000000] BIOS-e820: [mem 0x00000000e0000000-0x00000000efffffff] reserved","ts":"2025-07-04T03:23:58.413269788Z"}
{"level":"warn","module":"runtime","msg":"[    0.000000] NX (Execute Disable) protection: active","ts":"2025-07-04T03:23:58.414779587Z"}
{"level":"warn","module":"runtime","msg":"[    0.000000] APIC: Static calls initialized","ts":"2025-07-04T03:23:58.41604209Z"}
{"level":"warn","module":"runtime","msg":"[    0.000000] efi: EFI v2.7 by EDK II","ts":"2025-07-04T03:23:58.417210755Z"}
{"level":"warn","module":"runtime","msg":"[    0.000000] efi: CCFinalLog=0x16699000 ACPI=0x1781a000 ACPI 2.0=0x1781a014 SMBIOS=0x177eb000 SMBIOS 3.0=0x16697000 MEMATTR=0x16798018 TPMEventLog=0x17814018","ts":"2025-07-04T03:23:58.421868776Z"}
{"level":"warn","module":"runtime","msg":"[    0.000000] [Firmware Bug]: Failed to parse event in TPM Final Events Log","ts":"2025-07-04T03:23:58.423949766Z"}
{"level":"warn","module":"runtime","msg":"[    0.000000] SMBIOS 3.0.0 present.","ts":"2025-07-04T03:23:58.425033769Z"}
{"level":"warn","module":"runtime","msg":"[    0.000000] DMI: QEMU Standard PC (Q35 + ICH9, 2009), BIOS unknown 02/02/2022","ts":"2025-07-04T03:23:58.42720926Z"}
{"level":"warn","module":"runtime","msg":"[    0.000000] DMI: Memory slots populated: 1/1","ts":"2025-07-04T03:23:58.428586452Z"}
{"level":"warn","module":"runtime","msg":"[    0.000000] Hypervisor detected: KVM","ts":"2025-07-04T03:23:58.429686225Z"}
{"level":"warn","module":"runtime","msg":"[    0.000000] tsc: Detected 2200.000 MHz processor","ts":"2025-07-04T03:23:58.431169556Z"}
{"level":"warn","module":"runtime","msg":"[    0.000020] last_pfn = 0x18f7c max_arch_pfn = 0x400000000","ts":"2025-07-04T03:23:58.432828249Z"}
{"level":"warn","module":"runtime","msg":"[    0.000024] MTRR map: 0 entries (0 fixed + 0 variable; max 0), built from 0 variable MTRRs","ts":"2025-07-04T03:23:58.435436292Z"}
{"level":"warn","module":"runtime","msg":"[    0.000025] MTRRs set to read-only","ts":"2025-07-04T03:23:58.436492584Z"}
{"level":"warn","module":"runtime","msg":"[    0.000027] x86/PAT: Configuration [0-7]: WB  WC  UC- UC  WB  WP  UC- WT","ts":"2025-07-04T03:23:58.438677261Z"}
{"level":"warn","module":"runtime","msg":"[    0.000042] x2apic: enabled by BIOS, switching to x2apic ops","ts":"2025-07-04T03:23:58.440444653Z"}
{"level":"warn","module":"runtime","msg":"[    0.000072] software IO TLB: SWIOTLB bounce buffer size adjusted to 64MB","ts":"2025-07-04T03:23:58.44256942Z"}
{"level":"warn","module":"runtime","msg":"[    0.000080] Using GB pages for direct mapping","ts":"2025-07-04T03:23:58.443879572Z"}
{"level":"warn","module":"runtime","msg":"[    0.001098] Secure boot disabled","ts":"2025-07-04T03:23:58.444902361Z"}
{"level":"warn","module":"runtime","msg":"[    0.001100] ACPI: Early table checksum verification disabled","ts":"2025-07-04T03:23:58.44668748Z"}
{"level":"warn","module":"runtime","msg":"[    0.001106] ACPI: RSDP 0x000000001781A014 000024 (v02 BOCHS )","ts":"2025-07-04T03:23:58.448570197Z"}
{"level":"warn","module":"runtime","msg":"[    0.001110] ACPI: XSDT 0x00000000178190E8 00004C (v01 BOCHS  BXPC     00000001      01000013)","ts":"2025-07-04T03:23:58.451173394Z"}
{"level":"warn","module":"runtime","msg":"[    0.001116] ACPI: FACP 0x0000000017815000 0000F4 (v03 BOCHS  BXPC     00000001 BXPC 00000001)","ts":"2025-07-04T03:23:58.453922161Z"}
{"level":"warn","module":"runtime","msg":"[    0.001121] ACPI: DSDT 0x0000000017816000 001FF9 (v01 BOCHS  BXPC     00000001 BXPC 00000001)","ts":"2025-07-04T03:23:58.456559728Z"}
{"level":"warn","module":"runtime","msg":"[    0.001124] ACPI: FACS 0x000000001781D000 000040","ts":"2025-07-04T03:23:58.457983547Z"}
{"level":"warn","module":"runtime","msg":"[    0.001127] ACPI: CCEL 0x0000000017818000 000038 (v01 INTEL  EDK2     00000002      01000013)","ts":"2025-07-04T03:23:58.460634905Z"}
{"level":"warn","module":"runtime","msg":"[    0.001129] ACPI: MCFG 0x0000000017813000 00003C (v01 BOCHS  BXPC     00000001 BXPC 00000001)","ts":"2025-07-04T03:23:58.463314095Z"}
{"level":"warn","module":"runtime","msg":"[    0.001132] ACPI: WAET 0x0000000016673000 000028 (v01 BOCHS  BXPC     00000001 BXPC 00000001)","ts":"2025-07-04T03:23:58.4659397Z"}
{"level":"warn","module":"runtime","msg":"[    0.001134] ACPI: APIC 0x0000000016693000 0000F6 (v03 BOCHS  BXPC     00000001 BXPC 00000001)","ts":"2025-07-04T03:23:58.468653516Z"}
{"level":"warn","module":"runtime","msg":"[    0.001136] ACPI: Reserving FACP table memory at [mem 0x17815000-0x178150f3]","ts":"2025-07-04T03:23:58.471015878Z"}
{"level":"warn","module":"runtime","msg":"[    0.001137] ACPI: Reserving DSDT table memory at [mem 0x17816000-0x17817ff8]","ts":"2025-07-04T03:23:58.473233042Z"}
{"level":"warn","module":"runtime","msg":"[    0.001138] ACPI: Reserving FACS table memory at [mem 0x1781d000-0x1781d03f]","ts":"2025-07-04T03:23:58.475565958Z"}
{"level":"warn","module":"runtime","msg":"[    0.001139] ACPI: Reserving CCEL table memory at [mem 0x17818000-0x17818037]","ts":"2025-07-04T03:23:58.477735987Z"}
{"level":"warn","module":"runtime","msg":"[    0.001139] ACPI: Reserving MCFG table memory at [mem 0x17813000-0x1781303b]","ts":"2025-07-04T03:23:58.479934765Z"}
{"level":"warn","module":"runtime","msg":"[    0.001140] ACPI: Reserving WAET table memory at [mem 0x16673000-0x16673027]","ts":"2025-07-04T03:23:58.482174494Z"}
{"level":"warn","module":"runtime","msg":"[    0.001141] ACPI: Reserving APIC table memory at [mem 0x16693000-0x166930f5]","ts":"2025-07-04T03:23:58.484367617Z"}
{"level":"warn","module":"runtime","msg":"[    0.001219] APIC: Switched APIC routing to: cluster x2apic","ts":"2025-07-04T03:23:58.486095842Z"}
{"level":"warn","module":"runtime","msg":"[    0.001233] Zone ranges:","ts":"2025-07-04T03:23:58.486939087Z"}
{"level":"warn","module":"runtime","msg":"[    0.001233]   DMA      [mem 0x0000000000001000-0x0000000000ffffff]","ts":"2025-07-04T03:23:58.488853701Z"}
{"level":"warn","module":"runtime","msg":"[    0.001235]   DMA32    [mem 0x0000000001000000-0x0000000018f7bfff]","ts":"2025-07-04T03:23:58.490812935Z"}
{"level":"warn","module":"runtime","msg":"[    0.001237]   Normal   empty","ts":"2025-07-04T03:23:58.491741326Z"}
{"level":"warn","module":"runtime","msg":"[    0.001237] Movable zone start for each node","ts":"2025-07-04T03:23:58.493062203Z"}
{"level":"warn","module":"runtime","msg":"[    0.001238] Early memory node ranges","ts":"2025-07-04T03:23:58.494191239Z"}
{"level":"warn","module":"runtime","msg":"[    0.001238]   node   0: [mem 0x0000000000001000-0x000000000009ffff]","ts":"2025-07-04T03:23:58.496221826Z"}
{"level":"warn","module":"runtime","msg":"[    0.001240]   node   0: [mem 0x0000000000100000-0x000000000080bfff]","ts":"2025-07-04T03:23:58.498193261Z"}
{"level":"warn","module":"runtime","msg":"[    0.001240]   node   0: [mem 0x000000000080d000-0x0000000016672fff]","ts":"2025-07-04T03:23:58.500155869Z"}
{"level":"warn","module":"runtime","msg":"[    0.001241]   node   0: [mem 0x0000000016674000-0x000000001668ffff]","ts":"2025-07-04T03:23:58.502115298Z"}
{"level":"warn","module":"runtime","msg":"[    0.001242]   node   0: [mem 0x0000000016691000-0x0000000016692fff]","ts":"2025-07-04T03:23:58.504119923Z"}
{"level":"warn","module":"runtime","msg":"[    0.001243]   node   0: [mem 0x000000001673b000-0x00000000177bafff]","ts":"2025-07-04T03:23:58.506089123Z"}
{"level":"warn","module":"runtime","msg":"[    0.001244]   node   0: [mem 0x000000001781f000-0x0000000018f7bfff]","ts":"2025-07-04T03:23:58.508056222Z"}
{"level":"warn","module":"runtime","msg":"[    0.001245] Initmem setup node 0 [mem 0x0000000000001000-0x0000000018f7bfff]","ts":"2025-07-04T03:23:58.510259871Z"}
{"level":"warn","module":"runtime","msg":"[    0.001252] On node 0, zone DMA: 1 pages in unavailable ranges","ts":"2025-07-04T03:23:58.51209797Z"}
{"level":"warn","module":"runtime","msg":"[    0.001275] On node 0, zone DMA: 96 pages in unavailable ranges","ts":"2025-07-04T03:23:58.513907326Z"}
{"level":"warn","module":"runtime","msg":"[    0.001309] On node 0, zone DMA: 1 pages in unavailable ranges","ts":"2025-07-04T03:23:58.515739812Z"}
{"level":"warn","module":"runtime","msg":"[    0.002202] On node 0, zone DMA32: 1 pages in unavailable ranges","ts":"2025-07-04T03:23:58.517641509Z"}
{"level":"warn","module":"runtime","msg":"[    0.002205] On node 0, zone DMA32: 1 pages in unavailable ranges","ts":"2025-07-04T03:23:58.519543592Z"}
{"level":"warn","module":"runtime","msg":"[    0.002252] On node 0, zone DMA32: 168 pages in unavailable ranges","ts":"2025-07-04T03:23:58.52149155Z"}
{"level":"warn","module":"runtime","msg":"[    0.002341] On node 0, zone DMA32: 100 pages in unavailable ranges","ts":"2025-07-04T03:23:58.523428936Z"}
{"level":"warn","module":"runtime","msg":"[    0.002869] On node 0, zone DMA32: 28804 pages in unavailable ranges","ts":"2025-07-04T03:23:58.525407306Z"}
{"level":"warn","module":"runtime","msg":"[    0.004171] ACPI: PM-Timer IO Port: 0x608","ts":"2025-07-04T03:23:58.526658004Z"}
{"level":"warn","module":"runtime","msg":"[    0.004209] ACPI: LAPIC_NMI (acpi_id[0xff] dfl dfl lint[0x1])","ts":"2025-07-04T03:23:58.528492776Z"}
{"level":"warn","module":"runtime","msg":"[    0.004373] IOAPIC[0]: apic_id 0, version 32, address 0xfec00000, GSI 0-23","ts":"2025-07-04T03:23:58.530676913Z"}
{"level":"warn","module":"runtime","msg":"[    0.004377] ACPI: INT_SRC_OVR (bus 0 bus_irq 0 global_irq 2 high edge)","ts":"2025-07-04T03:23:58.532709611Z"}
{"level":"warn","module":"runtime","msg":"[    0.004380] ACPI: INT_SRC_OVR (bus 0 bus_irq 1 global_irq 1 high edge)","ts":"2025-07-04T03:23:58.534752093Z"}
{"level":"warn","module":"runtime","msg":"[    0.004381] ACPI: INT_SRC_OVR (bus 0 bus_irq 2 global_irq 2 high edge)","ts":"2025-07-04T03:23:58.536762822Z"}
{"level":"warn","module":"runtime","msg":"[    0.004383] ACPI: INT_SRC_OVR (bus 0 bus_irq 3 global_irq 3 high edge)","ts":"2025-07-04T03:23:58.53884366Z"}
{"level":"warn","module":"runtime","msg":"[    0.004384] ACPI: INT_SRC_OVR (bus 0 bus_irq 4 global_irq 4 high edge)","ts":"2025-07-04T03:23:58.54084Z"}
{"level":"warn","module":"runtime","msg":"[    0.004385] ACPI: INT_SRC_OVR (bus 0 bus_irq 5 global_irq 5 high edge)","ts":"2025-07-04T03:23:58.54288642Z"}
{"level":"warn","module":"runtime","msg":"[    0.004386] ACPI: INT_SRC_OVR (bus 0 bus_irq 6 global_irq 6 high edge)","ts":"2025-07-04T03:23:58.544892124Z"}
{"level":"warn","module":"runtime","msg":"[    0.004387] ACPI: INT_SRC_OVR (bus 0 bus_irq 7 global_irq 7 high edge)","ts":"2025-07-04T03:23:58.546978125Z"}
{"level":"warn","module":"runtime","msg":"[    0.004388] ACPI: INT_SRC_OVR (bus 0 bus_irq 8 global_irq 8 high edge)","ts":"2025-07-04T03:23:58.548933163Z"}
{"level":"warn","module":"runtime","msg":"[    0.004389] ACPI: INT_SRC_OVR (bus 0 bus_irq 9 global_irq 9 high edge)","ts":"2025-07-04T03:23:58.550952137Z"}
{"level":"warn","module":"runtime","msg":"[    0.004390] ACPI: INT_SRC_OVR (bus 0 bus_irq 10 global_irq 10 high edge)","ts":"2025-07-04T03:23:58.553030531Z"}
{"level":"warn","module":"runtime","msg":"[    0.004392] ACPI: INT_SRC_OVR (bus 0 bus_irq 11 global_irq 11 high edge)","ts":"2025-07-04T03:23:58.555055339Z"}
{"level":"warn","module":"runtime","msg":"[    0.004393] ACPI: INT_SRC_OVR (bus 0 bus_irq 12 global_irq 12 high edge)","ts":"2025-07-04T03:23:58.557221813Z"}
{"level":"warn","module":"runtime","msg":"[    0.004394] ACPI: INT_SRC_OVR (bus 0 bus_irq 13 global_irq 13 high edge)","ts":"2025-07-04T03:23:58.559426185Z"}
{"level":"warn","module":"runtime","msg":"[    0.004395] ACPI: INT_SRC_OVR (bus 0 bus_irq 14 global_irq 14 high edge)","ts":"2025-07-04T03:23:58.561624474Z"}
{"level":"warn","module":"runtime","msg":"[    0.004396] ACPI: INT_SRC_OVR (bus 0 bus_irq 15 global_irq 15 high edge)","ts":"2025-07-04T03:23:58.563743174Z"}
{"level":"warn","module":"runtime","msg":"[    0.004401] APIC: wakeup_secondary_cpu_64() replaced with acpi_wakeup_cpu()","ts":"2025-07-04T03:23:58.566000472Z"}
{"level":"warn","module":"runtime","msg":"[    0.004409] ACPI: Using ACPI (MADT) for SMP configuration information","ts":"2025-07-04T03:23:58.568151186Z"}
{"level":"warn","module":"runtime","msg":"[    0.004410] TSC deadline timer available","ts":"2025-07-04T03:23:58.569430353Z"}
{"level":"warn","module":"runtime","msg":"[    0.004416] CPU topo: Max. logical packages:   1","ts":"2025-07-04T03:23:58.570884486Z"}
{"level":"warn","module":"runtime","msg":"[    0.004417] CPU topo: Max. logical dies:       1","ts":"2025-07-04T03:23:58.572351267Z"}
{"level":"warn","module":"runtime","msg":"[    0.004417] CPU topo: Max. dies per package:   1","ts":"2025-07-04T03:23:58.573878038Z"}
{"level":"warn","module":"runtime","msg":"[    0.004422] CPU topo: Max. threads per core:   1","ts":"2025-07-04T03:23:58.575310648Z"}
{"level":"warn","module":"runtime","msg":"[    0.004423] CPU topo: Num. cores per package:     1","ts":"2025-07-04T03:23:58.576838457Z"}
{"level":"warn","module":"runtime","msg":"[    0.004424] CPU topo: Num. threads per package:   1","ts":"2025-07-04T03:23:58.578371816Z"}
{"level":"warn","module":"runtime","msg":"[    0.004425] CPU topo: Allowing 1 present CPUs plus 0 hotplug CPUs","ts":"2025-07-04T03:23:58.58036682Z"}
{"level":"warn","module":"runtime","msg":"[    0.004550] [mem 0x19000000-0xdfffffff] available for PCI devices","ts":"2025-07-04T03:23:58.582386896Z"}
{"level":"warn","module":"runtime","msg":"[    0.004552] Booting paravirtualized kernel on KVM","ts":"2025-07-04T03:23:58.583969558Z"}
{"level":"warn","module":"runtime","msg":"[    0.004556] clocksource: refined-jiffies: mask: 0xffffffff max_cycles: 0xffffffff, max_idle_ns: 1910969940391419 ns","ts":"2025-07-04T03:23:58.587441514Z"}
{"level":"warn","module":"runtime","msg":"[    0.004565] setup_percpu: NR_CPUS:64 nr_cpumask_bits:1 nr_cpu_ids:1 nr_node_ids:1","ts":"2025-07-04T03:23:58.589840096Z"}
{"level":"warn","module":"runtime","msg":"[    0.004903] percpu: Embedded 49 pages/cpu s160088 r8192 d32424 u2097152","ts":"2025-07-04T03:23:58.591970118Z"}
{"level":"warn","module":"runtime","msg":"[    0.004944] Kernel command line: console=ttyS0 oasis.stage2.roothash=e4ab4ad55ae69c84e685cb3f0e0ebc26de85a33cf1403206c15203b8411222c0 oasis.stage2.hash_offset=69386240 oasis.stage2.storage_mode=custom oasis.stage2.storage_size=1048576 oasis.stage2.storage_offset=4194304 ROFL_APP_ID=rofl1qz0vzsa0vt9vy4ex9gq4457h43uu7kukhv9naf8f ROFL_CONSENSUS_TRUST_ROOT=pGRoYXNoeEAzMmJiNjgwMGY0MWMzMDhmMmE1Njk5ZGQxOTkyMTYwMzM3MmZiZjFhNTUwMDQ5MmRkOWQ1MGJiYjQ1OGIxYWE5ZmhlaWdodBoBoUGvanJ1bnRpbWVfaWRYIAAAAAAAAAAAAAAAAAAAAAAAAAAAAAAAAKbR4+v2Df9sbWNoYWluX2NvbnRleHR4QDBiOTFiOGU0ZTQ0YjIwMDNhN2M1ZTIzZGRhZGI1ZTE0ZWY1MzQ1YzBlYmNiM2RkY2FlMDdmYTJmMjQ0Y2FiNzY=","ts":"2025-07-04T03:23:58.652596808Z"}
{"level":"warn","module":"runtime","msg":"[    0.005050] Unknown kernel command line parameters \"ROFL_APP_ID=rofl1qz0vzsa0vt9vy4ex9gq4457h43uu7kukhv9naf8f ROFL_CONSENSUS_TRUST_ROOT=pGRoYXNoeEAzMmJiNjgwMGY0MWMzMDhmMmE1Njk5ZGQxOTkyMTYwMzM3MmZiZjFhNTUwMDQ5MmRkOWQ1MGJiYjQ1OGIxYWE5ZmhlaWdodBoBoUGvanJ1bnRpbWVfaWRYIAAAAAAAAAAAAAAAAAAAAAAAAAAAAAAAAKbR4+v2Df9sbWNoYWluX2NvbnRleHR4QDBiOTFiOGU0ZTQ0YjIwMDNhN2M1ZTIzZGRhZGI1ZTE0ZWY1MzQ1YzBlYmNiM2RkY2FlMDdmYTJmMjQ0Y2FiNzY=\", will be passed to user space.","ts":"2025-07-04T03:23:58.700561817Z"}
{"level":"warn","module":"runtime","msg":"[    0.005071] random: crng init done","ts":"2025-07-04T03:23:58.70483853Z"}
{"level":"warn","module":"runtime","msg":"[    0.005158] Dentry cache hash table entries: 65536 (order: 7, 524288 bytes, linear)","ts":"2025-07-04T03:23:58.713882079Z"}
{"level":"warn","module":"runtime","msg":"[    0.005205] Inode-cache hash table entries: 32768 (order: 6, 262144 bytes, linear)","ts":"2025-07-04T03:23:58.722809615Z"}
{"level":"warn","module":"runtime","msg":"[    0.005235] Built 1 zonelists, mobility grouping on.  Total pages: 101900","ts":"2025-07-04T03:23:58.730195473Z"}
{"level":"warn","module":"runtime","msg":"[    0.005237] mem auto-init: stack:all(zero), heap alloc:off, heap free:off","ts":"2025-07-04T03:23:58.739022421Z"}
{"level":"warn","module":"runtime","msg":"[    0.005240] software IO TLB: area num 1.","ts":"2025-07-04T03:23:58.743846313Z"}
{"level":"warn","module":"runtime","msg":"[    0.024300] SLUB: HWalign=64, Order=0-3, MinObjects=0, CPUs=1, Nodes=1","ts":"2025-07-04T03:23:58.751599464Z"}
{"level":"warn","module":"runtime","msg":"[    0.024378] rcu: Preemptible hierarchical RCU implementation.","ts":"2025-07-04T03:23:58.758889348Z"}
{"level":"warn","module":"runtime","msg":"[    0.024380] rcu: \tRCU restricting CPUs from NR_CPUS=64 to nr_cpu_ids=1.","ts":"2025-07-04T03:23:58.766792821Z"}
{"level":"warn","module":"runtime","msg":"[    0.024382] \tTrampoline variant of Tasks RCU enabled.","ts":"2025-07-04T03:23:58.77291712Z"}
{"level":"warn","module":"runtime","msg":"[    0.024383] \tTracing variant of Tasks RCU enabled.","ts":"2025-07-04T03:23:58.77849438Z"}
{"level":"warn","module":"runtime","msg":"[    0.024384] rcu: RCU calculated value of scheduler-enlistment delay is 100 jiffies.","ts":"2025-07-04T03:23:58.786612956Z"}
{"level":"warn","module":"runtime","msg":"[    0.024385] rcu: Adjusting geometry for rcu_fanout_leaf=16, nr_cpu_ids=1","ts":"2025-07-04T03:23:58.793235419Z"}
{"level":"warn","module":"runtime","msg":"[    0.024392] RCU Tasks: Setting shift to 0 and lim to 1 rcu_task_cb_adjust=1 rcu_task_cpu_ids=1.","ts":"2025-07-04T03:23:58.801524541Z"}
{"level":"warn","module":"runtime","msg":"[    0.024395] RCU Tasks Trace: Setting shift to 0 and lim to 1 rcu_task_cb_adjust=1 rcu_task_cpu_ids=1.","ts":"2025-07-04T03:23:58.809600282Z"}
{"level":"warn","module":"runtime","msg":"[    0.024397] NR_IRQS: 4352, nr_irqs: 256, preallocated irqs: 16","ts":"2025-07-04T03:23:58.814230094Z"}
{"level":"warn","module":"runtime","msg":"[    0.024762] rcu: srcu_init: Setting srcu_struct sizes based on contention.","ts":"2025-07-04T03:23:58.819566167Z"}
{"level":"warn","module":"runtime","msg":"[    0.025168] Console: colour dummy device 80x25","ts":"2025-07-04T03:23:58.822911814Z"}
{"level":"warn","module":"runtime","msg":"[    0.025310] printk: legacy console [ttyS0] enabled","ts":"2025-07-04T03:23:58.826281728Z"}
{"level":"warn","module":"runtime","msg":"[    0.505369] ACPI: Core revision 20240827","ts":"2025-07-04T03:23:58.829086457Z"}
{"level":"warn","module":"runtime","msg":"[    0.508195] ACPI BIOS Warning (bug): Incorrect checksum in table [APIC] - 0x58, should be 0xFFFFFFB8 (20240827/utcksum-58)","ts":"2025-07-04T03:23:58.836512671Z"}
{"level":"warn","module":"runtime","msg":"[    0.515724] APIC: Switch to symmetric I/O mode setup","ts":"2025-07-04T03:23:58.839961849Z"}
{"level":"warn","module":"runtime","msg":"[    0.526031] APIC: Switched APIC routing to: physical x2apic","ts":"2025-07-04T03:23:58.850475448Z"}
{"level":"warn","module":"runtime","msg":"[    0.548960] ..TIMER: vector=0x30 apic1=0 pin1=2 apic2=-1 pin2=-1","ts":"2025-07-04T03:23:58.877276997Z"}
{"level":"warn","module":"runtime","msg":"[    0.557158] clocksource: tsc-early: mask: 0xffffffffffffffff max_cycles: 0x1fb633008a4, max_idle_ns: 440795292230 ns","ts":"2025-07-04T03:23:58.891426766Z"}
{"level":"warn","module":"runtime","msg":"[    0.570653] Calibrating delay loop (skipped), value calculated using timer frequency.. 4400.00 BogoMIPS (lpj=2200000)","ts":"2025-07-04T03:23:58.904247994Z"}
{"level":"warn","module":"runtime","msg":"[    0.573098] x86/cpu: User Mode Instruction Prevention (UMIP) activated","ts":"2025-07-04T03:23:58.913151756Z"}
{"level":"warn","module":"runtime","msg":"[    0.576016] Last level iTLB entries: 4KB 0, 2MB 0, 4MB 0","ts":"2025-07-04T03:23:58.92157455Z"}
{"level":"warn","module":"runtime","msg":"[    0.576655] Last level dTLB entries: 4KB 0, 2MB 0, 4MB 0, 1GB 0","ts":"2025-07-04T03:23:58.928704899Z"}
{"level":"warn","module":"runtime","msg":"[    0.577662] process: using TDX aware idle routine","ts":"2025-07-04T03:23:58.93460372Z"}
{"level":"warn","module":"runtime","msg":"[    0.578668] Spectre V1 : Vulnerable: __user pointer sanitization and usercopy barriers only; no swapgs barriers","ts":"2025-07-04T03:23:58.946388074Z"}
{"level":"warn","module":"runtime","msg":"[    0.579663] Spectre V2 : User space: Vulnerable","ts":"2025-07-04T03:23:58.951292001Z"}
{"level":"warn","module":"runtime","msg":"[    0.580661] Speculative Store Bypass: Vulnerable","ts":"2025-07-04T03:23:58.956610255Z"}
{"level":"warn","module":"runtime","msg":"[    0.582683] x86/fpu: Supporting XSAVE feature 0x001: 'x87 floating point registers'","ts":"2025-07-04T03:23:58.96425706Z"}
{"level":"warn","module":"runtime","msg":"[    0.583655] x86/fpu: Supporting XSAVE feature 0x002: 'SSE registers'","ts":"2025-07-04T03:23:58.97020095Z"}
{"level":"warn","module":"runtime","msg":"[    0.584654] x86/fpu: Supporting XSAVE feature 0x004: 'AVX registers'","ts":"2025-07-04T03:23:58.976061146Z"}
{"level":"warn","module":"runtime","msg":"[    0.585675] x86/fpu: xstate_offset[2]:  576, xstate_sizes[2]:  256","ts":"2025-07-04T03:23:58.983633039Z"}
{"level":"warn","module":"runtime","msg":"[    0.586656] x86/fpu: Enabled xstate features 0x7, context size is 832 bytes, using 'compacted' format.","ts":"2025-07-04T03:23:58.994709903Z"}
{"level":"warn","module":"runtime","msg":"[    0.637813] Freeing SMP alternatives memory: 28K","ts":"2025-07-04T03:23:59.049631084Z"}
{"level":"warn","module":"runtime","msg":"[    0.650665] Memory Encryption Features active: Intel TDX","ts":"2025-07-04T03:23:59.396997838Z"}
{"level":"warn","module":"runtime","msg":"[    0.651652] pid_max: default: 32768 minimum: 301","ts":"2025-07-04T03:23:59.398566346Z"}
{"level":"warn","module":"runtime","msg":"[    0.655186] Mount-cache hash table entries: 1024 (order: 1, 8192 bytes, linear)","ts":"2025-07-04T03:23:59.402574775Z"}
{"level":"warn","module":"runtime","msg":"[    0.655654] Mountpoint-cache hash table entries: 1024 (order: 1, 8192 bytes, linear)","ts":"2025-07-04T03:23:59.405006979Z"}
{"level":"warn","module":"runtime","msg":"[    0.657226] smpboot: CPU0: Intel 06/af (family: 0x6, model: 0xaf, stepping: 0x3)","ts":"2025-07-04T03:23:59.40793171Z"}
{"level":"warn","module":"runtime","msg":"[    0.657833] Performance Events: unsupported p6 CPU model 175 no PMU driver, software events only.","ts":"2025-07-04T03:23:59.410874749Z"}
{"level":"warn","module":"runtime","msg":"[    0.658683] signal: max sigframe size: 1776","ts":"2025-07-04T03:23:59.412181316Z"}
{"level":"warn","module":"runtime","msg":"[    0.659650] rcu: Hierarchical SRCU implementation.","ts":"2025-07-04T03:23:59.413771248Z"}
{"level":"warn","module":"runtime","msg":"[    0.659663] rcu: \tMax phase no-delay instances is 400.","ts":"2025-07-04T03:23:59.415405242Z"}
{"level":"warn","module":"runtime","msg":"[    0.660770] smp: Bringing up secondary CPUs ...","ts":"2025-07-04T03:23:59.417039411Z"}
{"level":"warn","module":"runtime","msg":"[    0.661688] smpboot: Parallel CPU startup disabled by the platform","ts":"2025-07-04T03:23:59.419145242Z"}
{"level":"warn","module":"runtime","msg":"[    0.662671] smp: Brought up 1 node, 1 CPU","ts":"2025-07-04T03:23:59.4205264Z"}
{"level":"warn","module":"runtime","msg":"[    0.663650] smpboot: Total of 1 processors activated (4400.00 BogoMIPS)","ts":"2025-07-04T03:23:59.42269394Z"}
{"level":"warn","module":"runtime","msg":"[    0.663714] Memory: 290732K/407600K available (12288K kernel code, 970K rwdata, 4220K rodata, 17172K init, 2224K bss, 115064K reserved, 0K cma-reserved)","ts":"2025-07-04T03:23:59.427149058Z"}
{"level":"warn","module":"runtime","msg":"[    0.664824] devtmpfs: initialized","ts":"2025-07-04T03:23:59.428424947Z"}
{"level":"warn","module":"runtime","msg":"[    0.665713] clocksource: jiffies: mask: 0xffffffff max_cycles: 0xffffffff, max_idle_ns: 1911260446275000 ns","ts":"2025-07-04T03:23:59.431949164Z"}
{"level":"warn","module":"runtime","msg":"[    0.666667] futex hash table entries: 256 (order: 2, 16384 bytes, linear)","ts":"2025-07-04T03:23:59.434193618Z"}
{"level":"warn","module":"runtime","msg":"[    0.667693] pinctrl core: initialized pinctrl subsystem","ts":"2025-07-04T03:23:59.435962959Z"}
{"level":"warn","module":"runtime","msg":"[    0.668745] NET: Registered PF_NETLINK/PF_ROUTE protocol family","ts":"2025-07-04T03:23:59.438025472Z"}
{"level":"warn","module":"runtime","msg":"[    0.669874] thermal_sys: Registered thermal governor 'step_wise'","ts":"2025-07-04T03:23:59.440274118Z"}
{"level":"warn","module":"runtime","msg":"[    0.669888] cpuidle: using governor menu","ts":"2025-07-04T03:23:59.441602719Z"}
{"level":"warn","module":"runtime","msg":"[    0.671650] PCI: Using configuration type 1 for base access","ts":"2025-07-04T03:23:59.44363669Z"}
{"level":"warn","module":"runtime","msg":"[    0.671930] cryptd: max_cpu_qlen set to 1000","ts":"2025-07-04T03:23:59.445391959Z"}
{"level":"warn","module":"runtime","msg":"[    0.672763] ACPI: Added _OSI(Module Device)","ts":"2025-07-04T03:23:59.446886609Z"}
{"level":"warn","module":"runtime","msg":"[    0.673650] ACPI: Added _OSI(Processor Device)","ts":"2025-07-04T03:23:59.448349229Z"}
{"level":"warn","module":"runtime","msg":"[    0.673662] ACPI: Added _OSI(3.0 _SCP Extensions)","ts":"2025-07-04T03:23:59.449982055Z"}
{"level":"warn","module":"runtime","msg":"[    0.674662] ACPI: Added _OSI(Processor Aggregator Device)","ts":"2025-07-04T03:23:59.451809259Z"}
{"level":"warn","module":"runtime","msg":"[    0.676306] ACPI: 1 ACPI AML tables successfully acquired and loaded","ts":"2025-07-04T03:23:59.454540419Z"}
{"level":"warn","module":"runtime","msg":"[    0.677650] ACPI: Interpreter enabled","ts":"2025-07-04T03:23:59.457193298Z"}
{"level":"warn","module":"runtime","msg":"[    0.677670] ACPI: PM: (supports S0 S5)","ts":"2025-07-04T03:23:59.458446563Z"}
{"level":"warn","module":"runtime","msg":"[    0.678650] ACPI: Using IOAPIC for interrupt routing","ts":"2025-07-04T03:23:59.460093813Z"}
{"level":"warn","module":"runtime","msg":"[    0.678700] PCI: Using host bridge windows from ACPI; if necessary, use \"pci=nocrs\" and report a bug","ts":"2025-07-04T03:23:59.463196408Z"}
{"level":"warn","module":"runtime","msg":"[    0.679667] PCI: Using E820 reservations for host bridge windows","ts":"2025-07-04T03:23:59.465255499Z"}
{"level":"warn","module":"runtime","msg":"[    0.680798] ACPI: Enabled 2 GPEs in block 00 to 3F","ts":"2025-07-04T03:23:59.466961263Z"}
{"level":"warn","module":"runtime","msg":"[    0.683241] ACPI: PCI Root Bridge [PCI0] (domain 0000 [bus 00-ff])","ts":"2025-07-04T03:23:59.471202701Z"}
{"level":"warn","module":"runtime","msg":"[    0.683681] acpi PNP0A08:00: _OSC: OS supports [ASPM ClockPM Segments MSI HPX-Type3]","ts":"2025-07-04T03:23:59.473822858Z"}
{"level":"warn","module":"runtime","msg":"[    0.684664] acpi PNP0A08:00: _OSC: not requesting OS control; OS requires [ExtendedConfig ASPM ClockPM MSI]","ts":"2025-07-04T03:23:59.476999268Z"}
{"level":"warn","module":"runtime","msg":"[    0.685806] PCI host bridge to bus 0000:00","ts":"2025-07-04T03:23:59.478506455Z"}
{"level":"warn","module":"runtime","msg":"[    0.686650] pci_bus 0000:00: root bus resource [io  0x0000-0x0cf7 window]","ts":"2025-07-04T03:23:59.480724436Z"}
{"level":"warn","module":"runtime","msg":"[    0.686665] pci_bus 0000:00: root bus resource [io  0x0d00-0xffff window]","ts":"2025-07-04T03:23:59.482951749Z"}
{"level":"warn","module":"runtime","msg":"[    0.687662] pci_bus 0000:00: root bus resource [mem 0x000a0000-0x000bffff window]","ts":"2025-07-04T03:23:59.485316015Z"}
{"level":"warn","module":"runtime","msg":"[    0.688662] pci_bus 0000:00: root bus resource [mem 0x19000000-0xdfffffff window]","ts":"2025-07-04T03:23:59.487730001Z"}
{"level":"warn","module":"runtime","msg":"[    0.689662] pci_bus 0000:00: root bus resource [mem 0xf0000000-0xfebfffff window]","ts":"2025-07-04T03:23:59.490168851Z"}
{"level":"warn","module":"runtime","msg":"[    0.690662] pci_bus 0000:00: root bus resource [mem 0x380000000000-0x3807ffffffff window]","ts":"2025-07-04T03:23:59.492880676Z"}
{"level":"warn","module":"runtime","msg":"[    0.691664] pci_bus 0000:00: root bus resource [bus 00-ff]","ts":"2025-07-04T03:23:59.494659446Z"}
{"level":"warn","module":"runtime","msg":"[    0.692794] pci 0000:00:00.0: [8086:29c0] type 00 class 0x060000 conventional PCI endpoint","ts":"2025-07-04T03:23:59.49738684Z"}
{"level":"warn","module":"runtime","msg":"[    0.694764] pci 0000:00:01.0: [1af4:1043] type 00 class 0x078000 conventional PCI endpoint","ts":"2025-07-04T03:23:59.501707365Z"}
{"level":"warn","module":"runtime","msg":"[    0.696650] pci 0000:00:01.0: BAR 1 [mem 0x80004000-0x80004fff]","ts":"2025-07-04T03:23:59.505020512Z"}
{"level":"warn","module":"runtime","msg":"[    0.697923] pci 0000:00:01.0: BAR 4 [mem 0x380000000000-0x380000003fff 64bit pref]","ts":"2025-07-04T03:23:59.509268051Z"}
{"level":"warn","module":"runtime","msg":"[    0.700650] pci 0000:00:02.0: [1af4:1053] type 00 class 0x078000 conventional PCI endpoint","ts":"2025-07-04T03:23:59.515679736Z"}
{"level":"warn","module":"runtime","msg":"[    0.701650] pci 0000:00:02.0: BAR 1 [mem 0x80003000-0x80003fff]","ts":"2025-07-04T03:23:59.518666274Z"}
{"level":"warn","module":"runtime","msg":"[    0.702650] pci 0000:00:02.0: BAR 4 [mem 0x380000004000-0x380000007fff 64bit pref]","ts":"2025-07-04T03:23:59.522519016Z"}
{"level":"warn","module":"runtime","msg":"[    0.704714] pci 0000:00:03.0: [1af4:1042] type 00 class 0x010000 conventional PCI endpoint","ts":"2025-07-04T03:23:59.528732635Z"}
{"level":"warn","module":"runtime","msg":"[    0.706650] pci 0000:00:03.0: BAR 1 [mem 0x80002000-0x80002fff]","ts":"2025-07-04T03:23:59.531612581Z"}
{"level":"warn","module":"runtime","msg":"[    0.707650] pci 0000:00:03.0: BAR 4 [mem 0x380000008000-0x38000000bfff 64bit pref]","ts":"2025-07-04T03:23:59.536087096Z"}
{"level":"warn","module":"runtime","msg":"[    0.709650] pci 0000:00:04.0: [1af4:1041] type 00 class 0x020000 conventional PCI endpoint","ts":"2025-07-04T03:23:59.541325164Z"}
{"level":"warn","module":"runtime","msg":"[    0.710650] pci 0000:00:04.0: BAR 1 [mem 0x80001000-0x80001fff]","ts":"2025-07-04T03:23:59.544262767Z"}
{"level":"warn","module":"runtime","msg":"[    0.711909] pci 0000:00:04.0: BAR 4 [mem 0x38000000c000-0x38000000ffff 64bit pref]","ts":"2025-07-04T03:23:59.548849028Z"}
{"level":"warn","module":"runtime","msg":"[    0.713047] pci 0000:00:04.0: ROM [mem 0x00000000-0x0007ffff pref]","ts":"2025-07-04T03:23:59.551228663Z"}
{"level":"warn","module":"runtime","msg":"[    0.715528] pci 0000:00:1f.0: [8086:2918] type 00 class 0x060100 conventional PCI endpoint","ts":"2025-07-04T03:23:59.556340955Z"}
{"level":"warn","module":"runtime","msg":"[    0.716650] pci 0000:00:1f.0: quirk: [io  0x0600-0x067f] claimed by ICH6 ACPI/GPIO/TCO","ts":"2025-07-04T03:23:59.560435552Z"}
{"level":"warn","module":"runtime","msg":"[    0.717386] pci 0000:00:1f.2: [8086:2922] type 00 class 0x010601 conventional PCI endpoint","ts":"2025-07-04T03:23:59.563848056Z"}
{"level":"warn","module":"runtime","msg":"[    0.719559] pci 0000:00:1f.2: BAR 4 [io  0x6040-0x605f]","ts":"2025-07-04T03:23:59.569118213Z"}
{"level":"warn","module":"runtime","msg":"[    0.720205] pci 0000:00:1f.2: BAR 5 [mem 0x80000000-0x80000fff]","ts":"2025-07-04T03:23:59.571533113Z"}
{"level":"warn","module":"runtime","msg":"[    0.721650] pci 0000:00:1f.3: [8086:2930] type 00 class 0x0c0500 conventional PCI endpoint","ts":"2025-07-04T03:23:59.575668713Z"}
{"level":"warn","module":"runtime","msg":"[    0.722800] pci 0000:00:1f.3: BAR 4 [io  0x6000-0x603f]","ts":"2025-07-04T03:23:59.579968397Z"}
{"level":"warn","module":"runtime","msg":"[    0.724650] ACPI: PCI: Interrupt link LNKA configured for IRQ 10","ts":"2025-07-04T03:23:59.583156252Z"}
{"level":"warn","module":"runtime","msg":"[    0.724864] ACPI: PCI: Interrupt link LNKB configured for IRQ 10","ts":"2025-07-04T03:23:59.585280335Z"}
{"level":"warn","module":"runtime","msg":"[    0.725843] ACPI: PCI: Interrupt link LNKC configured for IRQ 11","ts":"2025-07-04T03:23:59.587438842Z"}
{"level":"warn","module":"runtime","msg":"[    0.726843] ACPI: PCI: Interrupt link LNKD configured for IRQ 11","ts":"2025-07-04T03:23:59.589567896Z"}
{"level":"warn","module":"runtime","msg":"[    0.727836] ACPI: PCI: Interrupt link LNKE configured for IRQ 10","ts":"2025-07-04T03:23:59.591728543Z"}
{"level":"warn","module":"runtime","msg":"[    0.728847] ACPI: PCI: Interrupt link LNKF configured for IRQ 10","ts":"2025-07-04T03:23:59.593864644Z"}
{"level":"warn","module":"runtime","msg":"[    0.729847] ACPI: PCI: Interrupt link LNKG configured for IRQ 11","ts":"2025-07-04T03:23:59.596063954Z"}
{"level":"warn","module":"runtime","msg":"[    0.730837] ACPI: PCI: Interrupt link LNKH configured for IRQ 11","ts":"2025-07-04T03:23:59.598325261Z"}
{"level":"warn","module":"runtime","msg":"[    0.731766] ACPI: PCI: Interrupt link GSIA configured for IRQ 16","ts":"2025-07-04T03:23:59.600450376Z"}
{"level":"warn","module":"runtime","msg":"[    0.732693] ACPI: PCI: Interrupt link GSIB configured for IRQ 17","ts":"2025-07-04T03:23:59.602503309Z"}
{"level":"warn","module":"runtime","msg":"[    0.733691] ACPI: PCI: Interrupt link GSIC configured for IRQ 18","ts":"2025-07-04T03:23:59.604455279Z"}
{"level":"warn","module":"runtime","msg":"[    0.734690] ACPI: PCI: Interrupt link GSID configured for IRQ 19","ts":"2025-07-04T03:23:59.606356197Z"}
{"level":"warn","module":"runtime","msg":"[    0.735687] ACPI: PCI: Interrupt link GSIE configured for IRQ 20","ts":"2025-07-04T03:23:59.608311366Z"}
{"level":"warn","module":"runtime","msg":"[    0.736684] ACPI: PCI: Interrupt link GSIF configured for IRQ 21","ts":"2025-07-04T03:23:59.610223658Z"}
{"level":"warn","module":"runtime","msg":"[    0.737670] ACPI: PCI: Interrupt link GSIG configured for IRQ 22","ts":"2025-07-04T03:23:59.612081901Z"}
{"level":"warn","module":"runtime","msg":"[    0.738670] ACPI: PCI: Interrupt link GSIH configured for IRQ 23","ts":"2025-07-04T03:23:59.613993961Z"}
{"level":"warn","module":"runtime","msg":"[    0.739841] iommu: Default domain type: Translated","ts":"2025-07-04T03:23:59.615701972Z"}
{"level":"warn","module":"runtime","msg":"[    0.740663] iommu: DMA domain TLB invalidation policy: lazy mode","ts":"2025-07-04T03:23:59.617663016Z"}
{"level":"warn","module":"runtime","msg":"[    0.741742] SCSI subsystem initialized","ts":"2025-07-04T03:23:59.618955279Z"}
{"level":"warn","module":"runtime","msg":"[    0.742650] ACPI: bus type USB registered","ts":"2025-07-04T03:23:59.620316203Z"}
{"level":"warn","module":"runtime","msg":"[    0.742688] usbcore: registered new interface driver usbfs","ts":"2025-07-04T03:23:59.622023814Z"}
{"level":"warn","module":"runtime","msg":"[    0.743667] usbcore: registered new interface driver hub","ts":"2025-07-04T03:23:59.623759096Z"}
{"level":"warn","module":"runtime","msg":"[    0.744668] usbcore: registered new device driver usb","ts":"2025-07-04T03:23:59.625431602Z"}
{"level":"warn","module":"runtime","msg":"[    0.745796] efivars: Registered efivars operations","ts":"2025-07-04T03:23:59.627195726Z"}
{"level":"warn","module":"runtime","msg":"[    0.746924] Bluetooth: Core ver 2.22","ts":"2025-07-04T03:23:59.628612157Z"}
{"level":"warn","module":"runtime","msg":"[    0.747650] NET: Registered PF_BLUETOOTH protocol family","ts":"2025-07-04T03:23:59.630330928Z"}
{"level":"warn","module":"runtime","msg":"[    0.747668] Bluetooth: HCI device and connection manager initialized","ts":"2025-07-04T03:23:59.632318351Z"}
{"level":"warn","module":"runtime","msg":"[    0.748667] Bluetooth: HCI socket layer initialized","ts":"2025-07-04T03:23:59.633902001Z"}
{"level":"warn","module":"runtime","msg":"[    0.749650] Bluetooth: L2CAP socket layer initialized","ts":"2025-07-04T03:23:59.635518335Z"}
{"level":"warn","module":"runtime","msg":"[    0.749663] Bluetooth: SCO socket layer initialized","ts":"2025-07-04T03:23:59.637005926Z"}
{"level":"warn","module":"runtime","msg":"[    0.750650] PCI: Using ACPI for IRQ routing","ts":"2025-07-04T03:23:59.638331733Z"}
{"level":"warn","module":"runtime","msg":"[    0.751190] vgaarb: loaded","ts":"2025-07-04T03:23:59.639992886Z"}
{"level":"warn","module":"runtime","msg":"[    0.751760] clocksource: Switched to clocksource tsc-early","ts":"2025-07-04T03:23:59.641916003Z"}
{"level":"warn","module":"runtime","msg":"[    0.753627] pnp: PnP ACPI init","ts":"2025-07-04T03:23:59.643088256Z"}
{"level":"warn","module":"runtime","msg":"[    0.754817] system 00:04: [mem 0xe0000000-0xefffffff window] has been reserved","ts":"2025-07-04T03:23:59.645601309Z"}
{"level":"warn","module":"runtime","msg":"[    0.757490] pnp: PnP ACPI: found 5 devices","ts":"2025-07-04T03:23:59.647312974Z"}
{"level":"warn","module":"runtime","msg":"[    0.764640] clocksource: acpi_pm: mask: 0xffffff max_cycles: 0xffffff, max_idle_ns: 2085701024 ns","ts":"2025-07-04T03:23:59.656013122Z"}
{"level":"warn","module":"runtime","msg":"[    0.767606] NET: Registered PF_INET protocol family","ts":"2025-07-04T03:23:59.657736007Z"}
{"level":"warn","module":"runtime","msg":"[    0.769357] IP idents hash table entries: 8192 (order: 4, 65536 bytes, linear)","ts":"2025-07-04T03:23:59.660199033Z"}
{"level":"warn","module":"runtime","msg":"[    0.771973] tcp_listen_portaddr_hash hash table entries: 256 (order: 0, 4096 bytes, linear)","ts":"2025-07-04T03:23:59.663129746Z"}
{"level":"warn","module":"runtime","msg":"[    0.774721] Table-perturb hash table entries: 65536 (order: 6, 262144 bytes, linear)","ts":"2025-07-04T03:23:59.665634376Z"}
{"level":"warn","module":"runtime","msg":"[    0.777209] TCP established hash table entries: 4096 (order: 3, 32768 bytes, linear)","ts":"2025-07-04T03:23:59.668113225Z"}
{"level":"warn","module":"runtime","msg":"[    0.779680] TCP bind hash table entries: 4096 (order: 5, 131072 bytes, linear)","ts":"2025-07-04T03:23:59.6705336Z"}
{"level":"warn","module":"runtime","msg":"[    0.782078] TCP: Hash tables configured (established 4096 bind 4096)","ts":"2025-07-04T03:23:59.672659375Z"}
{"level":"warn","module":"runtime","msg":"[    0.784264] UDP hash table entries: 256 (order: 1, 8192 bytes, linear)","ts":"2025-07-04T03:23:59.674777201Z"}
{"level":"warn","module":"runtime","msg":"[    0.786335] UDP-Lite hash table entries: 256 (order: 1, 8192 bytes, linear)","ts":"2025-07-04T03:23:59.67696999Z"}
{"level":"warn","module":"runtime","msg":"[    0.788555] NET: Registered PF_UNIX/PF_LOCAL protocol family","ts":"2025-07-04T03:23:59.678909421Z"}
{"level":"warn","module":"runtime","msg":"[    0.790535] RPC: Registered named UNIX socket transport module.","ts":"2025-07-04T03:23:59.680891835Z"}
{"level":"warn","module":"runtime","msg":"[    0.792435] RPC: Registered udp transport module.","ts":"2025-07-04T03:23:59.682423573Z"}
{"level":"warn","module":"runtime","msg":"[    0.793991] RPC: Registered tcp transport module.","ts":"2025-07-04T03:23:59.683954623Z"}
{"level":"warn","module":"runtime","msg":"[    0.795497] RPC: Registered tcp-with-tls transport module.","ts":"2025-07-04T03:23:59.685817936Z"}
{"level":"warn","module":"runtime","msg":"[    0.797386] RPC: Registered tcp NFSv4.1 backchannel transport module.","ts":"2025-07-04T03:23:59.687956287Z"}
{"level":"warn","module":"runtime","msg":"[    0.799534] pci 0000:00:04.0: ROM [mem 0x19000000-0x1907ffff pref]: assigned","ts":"2025-07-04T03:23:59.690210186Z"}
{"level":"warn","module":"runtime","msg":"[    0.801779] pci_bus 0000:00: resource 4 [io  0x0000-0x0cf7 window]","ts":"2025-07-04T03:23:59.692268379Z"}
{"level":"warn","module":"runtime","msg":"[    0.803781] pci_bus 0000:00: resource 5 [io  0x0d00-0xffff window]","ts":"2025-07-04T03:23:59.694276471Z"}
{"level":"warn","module":"runtime","msg":"[    0.805853] pci_bus 0000:00: resource 6 [mem 0x000a0000-0x000bffff window]","ts":"2025-07-04T03:23:59.696529512Z"}
{"level":"warn","module":"runtime","msg":"[    0.808094] pci_bus 0000:00: resource 7 [mem 0x19000000-0xdfffffff window]","ts":"2025-07-04T03:23:59.698831694Z"}
{"level":"warn","module":"runtime","msg":"[    0.810394] pci_bus 0000:00: resource 8 [mem 0xf0000000-0xfebfffff window]","ts":"2025-07-04T03:23:59.701090309Z"}
{"level":"warn","module":"runtime","msg":"[    0.812657] pci_bus 0000:00: resource 9 [mem 0x380000000000-0x3807ffffffff window]","ts":"2025-07-04T03:23:59.70352746Z"}
{"level":"warn","module":"runtime","msg":"[    0.815324] PCI: CLS 0 bytes, default 64","ts":"2025-07-04T03:23:59.705092332Z"}
{"level":"warn","module":"runtime","msg":"[    0.818128] PCI-DMA: Using software bounce buffering for IO (SWIOTLB)","ts":"2025-07-04T03:23:59.708729324Z"}
{"level":"warn","module":"runtime","msg":"[    0.822160] software IO TLB: mapped [mem 0x0000000010200000-0x0000000014200000] (64MB)","ts":"2025-07-04T03:23:59.713222509Z"}
{"level":"warn","module":"runtime","msg":"[    0.827235] clocksource: tsc: mask: 0xffffffffffffffff max_cycles: 0x1fb633008a4, max_idle_ns: 440795292230 ns","ts":"2025-07-04T03:23:59.718978333Z"}
{"level":"warn","module":"runtime","msg":"[    0.833183] clocksource: Switched to clocksource tsc","ts":"2025-07-04T03:23:59.723320005Z"}
{"level":"warn","module":"runtime","msg":"[    0.835250] Initialise system trusted keyrings","ts":"2025-07-04T03:23:59.725208672Z"}
{"level":"warn","module":"runtime","msg":"[    0.836813] workingset: timestamp_bits=46 max_order=17 bucket_order=0","ts":"2025-07-04T03:23:59.727384519Z"}
{"level":"warn","module":"runtime","msg":"[    0.839021] squashfs: version 4.0 (2009/01/31) Phillip Lougher","ts":"2025-07-04T03:23:59.729365978Z"}
{"level":"warn","module":"runtime","msg":"[    0.841001] NFS: Registering the id_resolver key type","ts":"2025-07-04T03:23:59.73111788Z"}
{"level":"warn","module":"runtime","msg":"[    0.842690] Key type id_resolver registered","ts":"2025-07-04T03:23:59.732490338Z"}
{"level":"warn","module":"runtime","msg":"[    0.843670] Key type id_legacy registered","ts":"2025-07-04T03:23:59.733742655Z"}
{"level":"warn","module":"runtime","msg":"[    0.845307] fuse: init (API version 7.41)","ts":"2025-07-04T03:23:59.73515061Z"}
{"level":"warn","module":"runtime","msg":"[    0.883332] xor: automatically using best checksumming function   avx","ts":"2025-07-04T03:23:59.780282417Z"}
{"level":"warn","module":"runtime","msg":"[    0.892104] Key type asymmetric registered","ts":"2025-07-04T03:23:59.785453139Z"}
{"level":"warn","module":"runtime","msg":"[    0.897109] Asymmetric key parser 'x509' registered","ts":"2025-07-04T03:23:59.791503379Z"}
{"level":"warn","module":"runtime","msg":"[    0.908738] ACPI: \\_SB_.GSIF: Enabled at IRQ 21","ts":"2025-07-04T03:23:59.802083444Z"}
{"level":"warn","module":"runtime","msg":"[    0.923932] ACPI: \\_SB_.GSIG: Enabled at IRQ 22","ts":"2025-07-04T03:23:59.818408826Z"}
{"level":"warn","module":"runtime","msg":"[    0.940719] ACPI: \\_SB_.GSIH: Enabled at IRQ 23","ts":"2025-07-04T03:23:59.834791057Z"}
{"level":"warn","module":"runtime","msg":"[    0.956662] ACPI: \\_SB_.GSIE: Enabled at IRQ 20","ts":"2025-07-04T03:23:59.850963617Z"}
{"level":"warn","module":"runtime","msg":"[    0.972700] Serial: 8250/16550 driver, 4 ports, IRQ sharing disabled","ts":"2025-07-04T03:23:59.868786801Z"}
{"level":"warn","module":"runtime","msg":"[    0.981757] 00:02: ttyS0 at I/O 0x3f8 (irq = 4, base_baud = 115200) is a 16550A","ts":"2025-07-04T03:23:59.878986669Z"}
{"level":"warn","module":"runtime","msg":"[    1.001072] software IO TLB: Memory encryption is active and system is using DMA bounce buffers","ts":"2025-07-04T03:23:59.899624334Z"}
{"level":"warn","module":"runtime","msg":"[    1.013012] Linux agpgart interface v0.103","ts":"2025-07-04T03:23:59.905832311Z"}
{"level":"warn","module":"runtime","msg":"[    1.017683] ACPI: bus type drm_connector registered","ts":"2025-07-04T03:23:59.911040348Z"}
{"level":"warn","module":"runtime","msg":"[    1.023248] brd: module loaded","ts":"2025-07-04T03:23:59.914695814Z"}
{"level":"warn","module":"runtime","msg":"[    1.026893] virtio_blk virtio2: 1/0/0 default/read/poll queues","ts":"2025-07-04T03:23:59.92053842Z"}
{"level":"warn","module":"runtime","msg":"[    1.036313] virtio_blk virtio2: [vda] 5242880 512-byte logical blocks (2.68 GB/2.50 GiB)","ts":"2025-07-04T03:23:59.931556061Z"}
{"level":"warn","module":"runtime","msg":"[    1.045807] ACPI: \\_SB_.GSIA: Enabled at IRQ 16","ts":"2025-07-04T03:23:59.937878481Z"}
{"level":"warn","module":"runtime","msg":"[    1.055400] ahci 0000:00:1f.2: AHCI vers 0001.0000, 32 command slots, 1.5 Gbps, SATA mode","ts":"2025-07-04T03:23:59.953817754Z"}
{"level":"warn","module":"runtime","msg":"[    1.065407] ahci 0000:00:1f.2: 6/6 ports implemented (port mask 0x3f)","ts":"2025-07-04T03:23:59.961550779Z"}
{"level":"warn","module":"runtime","msg":"[    1.073222] ahci 0000:00:1f.2: flags: 64bit ncq only","ts":"2025-07-04T03:23:59.967727716Z"}
{"level":"warn","module":"runtime","msg":"[    1.098666] scsi host0: ahci","ts":"2025-07-04T03:23:59.990465518Z"}
{"level":"warn","module":"runtime","msg":"[    1.102320] scsi host1: ahci","ts":"2025-07-04T03:23:59.994035697Z"}
{"level":"warn","module":"runtime","msg":"[    1.105983] scsi host2: ahci","ts":"2025-07-04T03:23:59.997767037Z"}
{"level":"warn","module":"runtime","msg":"[    1.109627] scsi host3: ahci","ts":"2025-07-04T03:24:00.001323654Z"}
{"level":"warn","module":"runtime","msg":"[    1.113231] scsi host4: ahci","ts":"2025-07-04T03:24:00.004616645Z"}
{"level":"warn","module":"runtime","msg":"[    1.116479] scsi host5: ahci","ts":"2025-07-04T03:24:00.007821387Z"}
{"level":"warn","module":"runtime","msg":"[    1.119580] ata1: SATA max UDMA/133 abar m4096@0x80000000 port 0x80000100 irq 28 lpm-pol 0","ts":"2025-07-04T03:24:00.013515325Z"}
{"level":"warn","module":"runtime","msg":"[    1.125100] ata2: SATA max UDMA/133 abar m4096@0x80000000 port 0x80000180 irq 28 lpm-pol 0","ts":"2025-07-04T03:24:00.016222542Z"}
{"level":"warn","module":"runtime","msg":"[    1.127727] ata3: SATA max UDMA/133 abar m4096@0x80000000 port 0x80000200 irq 28 lpm-pol 0","ts":"2025-07-04T03:24:00.018863478Z"}
{"level":"warn","module":"runtime","msg":"[    1.130419] ata4: SATA max UDMA/133 abar m4096@0x80000000 port 0x80000280 irq 28 lpm-pol 0","ts":"2025-07-04T03:24:00.021475037Z"}
{"level":"warn","module":"runtime","msg":"[    1.132995] ata5: SATA max UDMA/133 abar m4096@0x80000000 port 0x80000300 irq 28 lpm-pol 0","ts":"2025-07-04T03:24:00.024022941Z"}
{"level":"warn","module":"runtime","msg":"[    1.135591] ata6: SATA max UDMA/133 abar m4096@0x80000000 port 0x80000380 irq 28 lpm-pol 0","ts":"2025-07-04T03:24:00.026614216Z"}
{"level":"warn","module":"runtime","msg":"[    1.139446] tun: Universal TUN/TAP device driver, 1.6","ts":"2025-07-04T03:24:00.02952646Z"}
{"level":"warn","module":"runtime","msg":"[    1.144597] e100: Intel(R) PRO/100 Network Driver","ts":"2025-07-04T03:24:00.038690144Z"}
{"level":"warn","module":"runtime","msg":"[    1.150339] e100: Copyright(c) 1999-2006 Intel Corporation","ts":"2025-07-04T03:24:00.045598546Z"}
{"level":"warn","module":"runtime","msg":"[    1.157217] e1000: Intel(R) PRO/1000 Network Driver","ts":"2025-07-04T03:24:00.052355267Z"}
{"level":"warn","module":"runtime","msg":"[    1.164087] e1000: Copyright (c) 1999-2006 Intel Corporation.","ts":"2025-07-04T03:24:00.059560986Z"}
{"level":"warn","module":"runtime","msg":"[    1.171194] e1000e: Intel(R) PRO/1000 Network Driver","ts":"2025-07-04T03:24:00.065697646Z"}
{"level":"warn","module":"runtime","msg":"[    1.177348] e1000e: Copyright(c) 1999 - 2015 Intel Corporation.","ts":"2025-07-04T03:24:00.073990761Z"}
{"level":"warn","module":"runtime","msg":"[    1.185665] igb: Intel(R) Gigabit Ethernet Network Driver","ts":"2025-07-04T03:24:00.07988364Z"}
{"level":"warn","module":"runtime","msg":"[    1.191422] igb: Copyright (c) 2007-2014 Intel Corporation.","ts":"2025-07-04T03:24:00.085593852Z"}
{"level":"warn","module":"runtime","msg":"[    1.197337] usbcore: registered new interface driver usbserial_generic","ts":"2025-07-04T03:24:00.092202226Z"}
{"level":"warn","module":"runtime","msg":"[    1.203809] usbserial: USB Serial support registered for generic","ts":"2025-07-04T03:24:00.098058832Z"}
{"level":"warn","module":"runtime","msg":"[    1.209692] usbcore: registered new interface driver ftdi_sio","ts":"2025-07-04T03:24:00.10337026Z"}
{"level":"warn","module":"runtime","msg":"[    1.215007] usbserial: USB Serial support registered for FTDI USB Serial Device","ts":"2025-07-04T03:24:00.10960371Z"}
{"level":"warn","module":"runtime","msg":"[    1.221227] usbcore: registered new interface driver pl2303","ts":"2025-07-04T03:24:00.114290412Z"}
{"level":"warn","module":"runtime","msg":"[    1.225900] usbserial: USB Serial support registered for pl2303","ts":"2025-07-04T03:24:00.118809714Z"}
{"level":"warn","module":"runtime","msg":"[    1.230518] i8042: PNP: PS/2 Controller [PNP0303:KBD,PNP0f13:MOU] at 0x60,0x64 irq 1,12","ts":"2025-07-04T03:24:00.124825236Z"}
{"level":"warn","module":"runtime","msg":"[    1.244911] serio: i8042 KBD port at 0x60,0x64 irq 1","ts":"2025-07-04T03:24:00.139455203Z"}
{"level":"warn","module":"runtime","msg":"[    1.251192] serio: i8042 AUX port at 0x60,0x64 irq 12","ts":"2025-07-04T03:24:00.145635295Z"}
{"level":"warn","module":"runtime","msg":"[    1.257476] mousedev: PS/2 mouse device common for all mice","ts":"2025-07-04T03:24:00.152600462Z"}
{"level":"warn","module":"runtime","msg":"[    1.266412] input: AT Raw Set 2 keyboard as /devices/platform/i8042/serio0/input/input0","ts":"2025-07-04T03:24:00.164531734Z"}
{"level":"warn","module":"runtime","msg":"[    1.276265] rtc_cmos 00:03: RTC can wake from S4","ts":"2025-07-04T03:24:00.169763402Z"}
{"level":"warn","module":"runtime","msg":"[    1.291435] rtc_cmos 00:03: registered as rtc0","ts":"2025-07-04T03:24:00.184309842Z"}
{"level":"warn","module":"runtime","msg":"[    1.300587] rtc_cmos 00:03: alarms up to one day, y3k, 242 bytes nvram","ts":"2025-07-04T03:24:00.194861446Z"}
{"level":"warn","module":"runtime","msg":"[    1.313256] i801_smbus 0000:00:1f.3: Enabling SMBus device","ts":"2025-07-04T03:24:00.206517147Z"}
{"level":"warn","module":"runtime","msg":"[    1.319232] device-mapper: ioctl: 4.48.0-ioctl (2023-03-01) initialised: dm-devel@lists.linux.dev","ts":"2025-07-04T03:24:00.214113169Z"}
{"level":"warn","module":"runtime","msg":"[    1.327795] i801_smbus 0000:00:1f.3: SMBus using PCI interrupt","ts":"2025-07-04T03:24:00.220173342Z"}
{"level":"warn","module":"runtime","msg":"[    1.331874] intel_pstate: CPU model not supported","ts":"2025-07-04T03:24:00.223573989Z"}
{"level":"warn","module":"runtime","msg":"[    1.335353] i2c i2c-0: Memory type 0x07 not supported yet, not instantiating SPD","ts":"2025-07-04T03:24:00.228457668Z"}
{"level":"warn","module":"runtime","msg":"[    1.340055] sdhci: Secure Digital Host Controller Interface driver","ts":"2025-07-04T03:24:00.232322426Z"}
{"level":"warn","module":"runtime","msg":"[    1.343959] sdhci: Copyright(c) Pierre Ossman","ts":"2025-07-04T03:24:00.235090168Z"}
{"level":"warn","module":"runtime","msg":"[    1.347137] sdhci-pltfm: SDHCI platform and OF driver helper","ts":"2025-07-04T03:24:00.238998046Z"}
{"level":"warn","module":"runtime","msg":"[    1.350645] usbcore: registered new interface driver usbhid","ts":"2025-07-04T03:24:00.242238547Z"}
{"level":"warn","module":"runtime","msg":"[    1.353997] usbhid: USB HID core driver","ts":"2025-07-04T03:24:00.244570893Z"}
{"level":"warn","module":"runtime","msg":"[    1.356642] NET: Registered PF_INET6 protocol family","ts":"2025-07-04T03:24:00.24778543Z"}
{"level":"warn","module":"runtime","msg":"[    1.359845] Segment Routing with IPv6","ts":"2025-07-04T03:24:00.250285751Z"}
{"level":"warn","module":"runtime","msg":"[    1.361884] In-situ OAM (IOAM) with IPv6","ts":"2025-07-04T03:24:00.252532189Z"}
{"level":"warn","module":"runtime","msg":"[    1.364152] NET: Registered PF_PACKET protocol family","ts":"2025-07-04T03:24:00.255136399Z"}
{"level":"warn","module":"runtime","msg":"[    1.366896] Bridge firewalling registered","ts":"2025-07-04T03:24:00.257280549Z"}
{"level":"warn","module":"runtime","msg":"[    1.368920] Key type dns_resolver registered","ts":"2025-07-04T03:24:00.259591253Z"}
{"level":"warn","module":"runtime","msg":"[    1.371240] NET: Registered PF_VSOCK protocol family","ts":"2025-07-04T03:24:00.262108382Z"}
{"level":"warn","module":"runtime","msg":"[    1.378653] IPI shorthand broadcast: enabled","ts":"2025-07-04T03:24:00.269133259Z"}
{"level":"warn","module":"runtime","msg":"[    1.380883] AES CTR mode by8 optimization enabled","ts":"2025-07-04T03:24:00.271461658Z"}
{"level":"warn","module":"runtime","msg":"[    1.384887] sched_clock: Marking stable (839579586, 544520809)->(1951542843, -567442448)","ts":"2025-07-04T03:24:00.276772937Z"}
{"level":"warn","module":"runtime","msg":"[    1.388547] Loading compiled-in X.509 certificates","ts":"2025-07-04T03:24:00.278977968Z"}
{"level":"warn","module":"runtime","msg":"[    1.440855] printk: legacy console [netcon0] enabled","ts":"2025-07-04T03:24:00.330998128Z"}
{"level":"warn","module":"runtime","msg":"[    1.448380] ata6: SATA link down (SStatus 0 SControl 300)","ts":"2025-07-04T03:24:00.338643454Z"}
{"level":"warn","module":"runtime","msg":"[    1.451430] ata5: SATA link down (SStatus 0 SControl 300)","ts":"2025-07-04T03:24:00.341673788Z"}
{"level":"warn","module":"runtime","msg":"[    1.455200] netconsole: network logging started","ts":"2025-07-04T03:24:00.348019023Z"}
{"level":"warn","module":"runtime","msg":"[    1.460978] ata4: SATA link down (SStatus 0 SControl 300)","ts":"2025-07-04T03:24:00.356051056Z"}
{"level":"warn","module":"runtime","msg":"[    1.492472] clk: Disabling unused clocks","ts":"2025-07-04T03:24:00.386180197Z"}
{"level":"warn","module":"runtime","msg":"[    1.504079] ata3: SATA link down (SStatus 0 SControl 300)","ts":"2025-07-04T03:24:00.400009621Z"}
{"level":"warn","module":"runtime","msg":"[    1.515027] ata1: SATA link down (SStatus 0 SControl 300)","ts":"2025-07-04T03:24:00.416331906Z"}
{"level":"warn","module":"runtime","msg":"[    1.518051] ata2: SATA link down (SStatus 0 SControl 300)","ts":"2025-07-04T03:24:00.441370001Z"}
{"level":"warn","module":"runtime","msg":"[    1.592168] Freeing unused kernel image (initmem) memory: 17172K","ts":"2025-07-04T03:24:00.484736589Z"}
{"level":"warn","module":"runtime","msg":"[    1.601163] Write protecting the kernel read-only data: 18432k","ts":"2025-07-04T03:24:00.493646312Z"}
{"level":"warn","module":"runtime","msg":"[    1.611934] Freeing unused kernel image (rodata/data gap) memory: 1924K","ts":"2025-07-04T03:24:00.505045202Z"}
{"level":"warn","module":"runtime","msg":"[    1.622178] Run /init as init process","ts":"2025-07-04T03:24:00.513901952Z"}
{"level":"warn","module":"runtime","msg":"[    1.730211] device-mapper: verity: sha256 using shash \"sha256-ni\"","ts":"2025-07-04T03:24:00.621342532Z"}
{"level":"warn","module":"runtime","msg":"[    1.764594] input: ImExPS/2 Generic Explorer Mouse as /devices/platform/i8042/serio1/input/input2","ts":"2025-07-04T03:24:00.655847613Z"}
{"level":"info","module":"runtime","msg":"Runtime is starting","ts":"2025-07-04T03:23:59.426671394Z"}
{"level":"info","module":"runtime/tdx","msg":"Mounting required filesystems","ts":"2025-07-04T03:23:59.435103773Z"}
{"level":"info","module":"runtime/tdx","msg":"Setting up signal handlers","ts":"2025-07-04T03:23:59.441594391Z"}
{"level":"info","module":"runtime/tdx","msg":"Early initialization completed","ts":"2025-07-04T03:23:59.450666652Z"}
{"level":"info","module":"runtime","msg":"Establishing connection with the worker host","ts":"2025-07-04T03:23:59.466605078Z"}
{"level":"info","module":"runtime/protocol","msg":"Starting protocol writer thread","ts":"2025-07-04T03:23:59.82040985Z"}
{"level":"info","module":"runtime/protocol","msg":"Starting protocol reader thread","ts":"2025-07-04T03:23:59.846919995Z"}
{"consensus_backend":"tendermint","consensus_chain_context":"0b91b8e4e44b2003a7c5e23ddadb5e14ef5345c0ebcb3ddcae07fa2f244cab76","consensus_protocol_version":"Version { major: 7, minor: 0, patch: 0 }","level":"info","local_config":"{}","module":"runtime/protocol","msg":"Received host environment information","ts":"2025-07-04T03:23:59.86882603Z"}
{"level":"info","module":"runtime/consensus/cometbft/verifier","msg":"Starting consensus verifier","ts":"2025-07-04T03:23:59.911560859Z"}
{"level":"info","module":"runtime/dispatcher","msg":"Starting the runtime dispatcher","ts":"2025-07-04T03:23:59.923909464Z"}
{"level":"info","module":"runtime/consensus/cometbft/verifier","msg":"Loading trusted state","ts":"2025-07-04T03:23:59.938802285Z"}
{"level":"info","module":"runtime/consensus/cometbft/verifier","msg":"Checking chain context change","ts":"2025-07-04T03:23:59.957503781Z"}
{"level":"info","module":"runtime/consensus/cometbft/verifier","msg":"Consensus chain context hasn't changed","ts":"2025-07-04T03:23:59.972198075Z"}
{"app_id":"rofl1qz0vzsa0vt9vy4ex9gq4457h43uu7kukhv9naf8f","level":"info","module":"runtime/modules/rofl/app","msg":"starting processor","ts":"2025-07-04T03:23:59.97993149Z"}
{"level":"info","module":"runtime/consensus/cometbft/verifier","msg":"Consensus verifier initialized","trust_root_chain_context":"\"0b91b8e4e44b2003a7c5e23ddadb5e14ef5345c0ebcb3ddcae07fa2f244cab76\"","trust_root_hash":"\"32bb6800f41c308f2a5699dd19921603372fbf1a5500492dd9d50bbb458b1aa9\"","trust_root_height":27345327,"trust_root_runtime_id":"000000000000000000000000000000000000000000000000a6d1e3ebf60dff6c","ts":"2025-07-04T03:23:59.989526151Z"}
{"level":"info","module":"runtime/attestation","msg":"Initializing the runtime key report","ts":"2025-07-04T03:24:00.006196014Z"}
{"latest_height":27345355,"level":"info","module":"runtime/consensus/cometbft/verifier","msg":"Consensus verifier synced","ts":"2025-07-04T03:24:00.013796054Z"}
{"level":"info","module":"runtime/consensus/cometbft/verifier","msg":"Verifying state freshness using prove freshness transaction","ts":"2025-07-04T03:24:00.021595789Z"}
{"err":"BadResponse","level":"error","module":"runtime/modules/rofl/app","msg":"failed to register for notifications","ts":"2025-07-04T03:24:01.054109297Z"}
{"level":"info","module":"runtime/modules/rofl/app","msg":"entering processor loop","ts":"2025-07-04T03:24:01.080033511Z"}
{"level":"info","module":"runtime/modules/rofl/app/watchdog","msg":"starting watchdog task","ts":"2025-07-04T03:24:01.101523781Z"}
{"level":"info","module":"runtime/modules/rofl/app/registration","msg":"starting registration task","ts":"2025-07-04T03:24:01.120353617Z"}
{"level":"info","module":"runtime/modules/rofl/app/notifier","msg":"starting notifier task","ts":"2025-07-04T03:24:01.136898458Z"}
{"level":"info","module":"runtime/attestation","msg":"Configuring quote policy","ts":"2025-07-04T03:24:01.150672362Z"}
{"level":"info","module":"runtime/attestation","msg":"Configuring quote for the runtime attestation key binding","ts":"2025-07-04T03:24:01.163873333Z"}
{"level":"info","module":"runtime/consensus/cometbft/verifier","msg":"State freshness successfully verified","ts":"2025-07-04T03:24:04.533722958Z"}
{"level":"info","module":"runtime/attestation","msg":"Updating endorsed TEE capability","ts":"2025-07-04T03:24:04.541668053Z"}
{"epoch":45559,"last_registration_epoch":null,"level":"info","module":"runtime/modules/rofl/app/registration","msg":"refreshing registration","ts":"2025-07-04T03:24:04.598719403Z"}
{"level":"info","module":"runtime/modules/rofl/app/registration","msg":"refreshed registration","result":"Simple(NullValue)","ts":"2025-07-04T03:24:16.269929858Z"}
{"level":"info","module":"runtime/modules/rofl/app","msg":"initial registration completed","ts":"2025-07-04T03:24:16.298559824Z"}
{"level":"info","module":"runtime/modules/rofl/app","msg":"starting application","ts":"2025-07-04T03:24:16.31837261Z"}
{"level":"info","module":"runtime/modules/rofl/app","msg":"performing app-specific post-registration initialization","ts":"2025-07-04T03:24:16.337680357Z"}
{"level":"info","module":"runtime/appd/services/kms","msg":"starting KMS service","ts":"2025-07-04T03:24:16.351575703Z"}
{"level":"info","module":"runtime/appd/services/kms","msg":"attempting to obtain the root key for our application","ts":"2025-07-04T03:24:16.36536137Z"}
{"level":"info","module":"runtime/appd/services/kms","msg":"KMS service initialized","ts":"2025-07-04T03:24:28.331086616Z"}
{"level":"info","module":"runtime/post_registration_init","msg":"initializing stage 2 storage","ts":"2025-07-04T03:24:28.348356835Z"}
{"level":"info","module":"runtime/global","msg":"Device /dev/mapper/part-storage is not a valid LUKS device.","ts":"2025-07-04T03:24:28.454185325Z"}
{"level":"warn","module":"runtime","msg":"Wiping device to initialize integrity checksum.","ts":"2025-07-04T03:24:38.359075561Z"}
{"level":"warn","module":"runtime","msg":"You can interrupt this by pressing CTRL+c (rest of not wiped device will contain invalid checksum).","ts":"2025-07-04T03:24:38.361225346Z"}
{"level":"warn","module":"runtime","msg":"[   39.528701] alg: No test for authenc(hmac(sha256),xts(aes)) (authenc(hmac(sha256-ni),xts-aes-vaes-avx2))","ts":"2025-07-04T03:24:38.419273994Z"}
{"level":"warn","module":"runtime","msg":"\u001b[2K\rProgress:  33.5%, ETA 00m00s,  155 MiB written, speed 308.3 MiB/s\u001b[2K\rProgress:  66.3%, ETA 00m00s,  307 MiB written, speed 305.8 MiB/s\u001b[2K\rProgress:  99.1%, ETA 00m00s,  459 MiB written, speed 304.5 MiB/s\u001b[2K\rFinished, time 00m01s,  463 MiB written, speed 304.3 MiB/s","ts":"2025-07-04T03:24:39.942934597Z"}
{"level":"info","module":"runtime/global","msg":"mke2fs 1.47.0 (5-Feb-2023)","ts":"2025-07-04T03:24:41.150910003Z"}
{"level":"warn","module":"runtime","msg":"Creating filesystem with 474112 1k blocks and 118320 inodes","ts":"2025-07-04T03:24:42.626271471Z"}
{"level":"warn","module":"runtime","msg":"Filesystem UUID: ae71851f-c955-4cf0-8f19-f1a3b666bceb","ts":"2025-07-04T03:24:42.627786439Z"}
{"level":"warn","module":"runtime","msg":"Superblock backups stored on blocks:","ts":"2025-07-04T03:24:42.628478694Z"}
{"level":"warn","module":"runtime","msg":"8193, 24577, 40961, 57345, 73729, 204801, 221185, 401409","ts":"2025-07-04T03:24:42.631114555Z"}
{"level":"warn","module":"runtime","msg":"","ts":"2025-07-04T03:24:42.631239279Z"}
{"level":"warn","module":"runtime","msg":"Allocating group tables:  0/58\b\b\b\b\b     \b\b\b\b\bdone","ts":"2025-07-04T03:24:42.633503388Z"}
{"level":"warn","module":"runtime","msg":"Writing inode tables:  0/58\b\b\b\b\b     \b\b\b\b\bdone","ts":"2025-07-04T03:24:42.635864118Z"}
{"level":"warn","module":"runtime","msg":"Creating journal (8192 blocks): done","ts":"2025-07-04T03:24:42.694695725Z"}
{"level":"warn","module":"runtime","msg":"Writing superblocks and filesystem accounting information:  0/58\b\b\b\b\b     \b\b\b\b\bdone","ts":"2025-07-04T03:24:42.715193457Z"}
{"level":"warn","module":"runtime","msg":"","ts":"2025-07-04T03:24:42.715331908Z"}
{"level":"info","module":"runtime/storage","msg":"filesystem is already as big as the device, no resize needed","ts":"2025-07-04T03:24:41.26033886Z"}
{"level":"warn","module":"runtime","msg":"[   43.844337] EXT4-fs (dm-4): mounted filesystem ae71851f-c955-4cf0-8f19-f1a3b666bceb r/w with ordered data mode. Quota mode: disabled.","ts":"2025-07-04T03:24:42.735392555Z"}
{"level":"info","module":"runtime/post_registration_init","msg":"starting the API server","ts":"2025-07-04T03:24:41.281858354Z"}
{"level":"info","module":"runtime/post_registration_init","msg":"initializing container environment","ts":"2025-07-04T03:24:41.287638292Z"}
{"level":"info","module":"runtime/global","msg":"udhcpc: started, v1.36.1","ts":"2025-07-04T03:24:41.298773411Z"}
{"level":"info","module":"runtime/global","msg":"udhcpc: broadcasting discover","ts":"2025-07-04T03:24:41.308278515Z"}
{"level":"info","module":"runtime/global","msg":"udhcpc: broadcasting select for 10.0.2.15, server 10.0.2.2","ts":"2025-07-04T03:24:41.315536703Z"}
{"level":"warn","module":"runtime","msg":"{\"msg\":\"udhcpc: lease of 10.0.2.15 obtained from 10.0.2.2, lease time 86400\",\"level\":\"INFO\",\"ts\":\"2025-07-04T03:24:41.329374421Z\",\"module\":\"global/etc/udhcpc.d/50default: Adding DNS 10.0.2.3","ts":"2025-07-04T03:24:42.794306262Z"}
{"level":"warn","module":"runtime","msg":"\"}","ts":"2025-07-04T03:24:42.794601967Z"}
{"level":"info","module":"runtime/post_registration_init","msg":"initializing container secrets","ts":"2025-07-04T03:24:41.917542589Z"}
{"level":"warn","module":"runtime","msg":"4c3455e3b0041414e69c68def","ts":"2025-07-04T03:24:43.531202014Z"}
{"level":"info","module":"runtime/secrets","msg":"provisioned secret","pub_name":"MESSAGE","ts":"2025-07-04T03:24:42.079432711Z"}
{"level":"info","module":"runtime/post_registration_init","msg":"starting containers","ts":"2025-07-04T03:24:42.08964955Z"}
{"level":"warn","module":"runtime","msg":"215b1cd922d715fe648edc33b504182393e345d08c689780016dab724172beb3","ts":"2025-07-04T03:24:44.110690734Z"}
{"level":"info","module":"runtime/global","msg":"Trying to pull docker.io/denoland/deno:alpine...","ts":"2025-07-04T03:24:42.744105606Z"}
{"level":"info","module":"runtime/global","msg":"Getting image source signatures","ts":"2025-07-04T03:24:43.095146272Z"}
{"level":"info","module":"runtime/global","msg":"Copying blob sha256:c64cafa2b887cf5403cca60fab5e761a37028c488e234b68b20b32ef31aaab80","ts":"2025-07-04T03:24:43.132845064Z"}
{"level":"info","module":"runtime/global","msg":"Copying blob sha256:fe07684b16b82247c3539ed86a65ff37a76138ec25d380bd80c869a1a4c73236","ts":"2025-07-04T03:24:43.16270266Z"}
{"level":"info","module":"runtime/global","msg":"Copying blob sha256:2e699c128395be1f5cf0679636841346fa7d2b429871a455112d5f1db43b0c85","ts":"2025-07-04T03:24:43.184703005Z"}
{"level":"info","module":"runtime/global","msg":"Copying blob sha256:4f4fb700ef54461cfa02571ae0db9a0dc1e0cdb5577484a6d75e68dc38e8acc1","ts":"2025-07-04T03:24:43.202474954Z"}
{"level":"info","module":"runtime/global","msg":"Copying blob sha256:3344858e45f8b25ea15bf05af3e121f8280dba230afd541b86d41695a9c92ff1","ts":"2025-07-04T03:24:43.213673174Z"}
{"level":"info","module":"runtime/global","msg":"Copying blob sha256:981548d724040535e0ef8851031617d5eac7b8e017a036f1e2786989fca7b530","ts":"2025-07-04T03:24:43.225071928Z"}
{"level":"info","module":"runtime/global","msg":"Copying blob sha256:5ec9c3736d363f1439148f48a2d332281c73127764f6fbd7a106514dec3f19c0","ts":"2025-07-04T03:24:43.23627329Z"}
{"level":"info","module":"runtime/global","msg":"Copying blob sha256:6a2a98c5a61e6cd8bf24e22076f8dd6f967a122ad7f737c42ff24edab22e0cda","ts":"2025-07-04T03:24:43.276959712Z"}
{"level":"info","module":"runtime/global","msg":"Copying config sha256:443acc3ac8da9967771d564437a4d81bf055d73bf1880678ce0d11132e8ea3fd","ts":"2025-07-04T03:24:46.898248719Z"}
{"level":"info","module":"runtime/global","msg":"Writing manifest to image destination","ts":"2025-07-04T03:24:46.920055661Z"}
{"level":"warn","module":"runtime","msg":"f6c22cc0dbd3eaa61c16f816ae108bc050f4b6d94bbdf072660f5808b5f418c7","ts":"2025-07-04T03:24:48.478616881Z"}
{"level":"warn","module":"runtime","msg":"[   49.752368] podman1: port 1(veth0) entered blocking state","ts":"2025-07-04T03:24:48.64230632Z"}
{"level":"warn","module":"runtime","msg":"[   49.753479] podman1: port 1(veth0) entered disabled state","ts":"2025-07-04T03:24:48.643344077Z"}
{"level":"warn","module":"runtime","msg":"[   49.754510] veth0: entered allmulticast mode","ts":"2025-07-04T03:24:48.64417435Z"}
{"level":"warn","module":"runtime","msg":"[   49.755771] veth0: entered promiscuous mode","ts":"2025-07-04T03:24:48.645470872Z"}
{"level":"warn","module":"runtime","msg":"[   49.758365] podman1: port 1(veth0) entered blocking state","ts":"2025-07-04T03:24:48.648277032Z"}
{"level":"warn","module":"runtime","msg":"[   49.759599] podman1: port 1(veth0) entered forwarding state","ts":"2025-07-04T03:24:48.649487366Z"}
{"level":"warn","module":"runtime","msg":"containers_echo_1","ts":"2025-07-04T03:24:48.958744332Z"}
{"level":"info","module":"runtime/post_registration_init","msg":"everything is up and running","ts":"2025-07-04T03:24:47.584577818Z"}
{"level":"warn","module":"runtime","msg":"[   50.173513] podman1: port 1(veth0) entered disabled state","ts":"2025-07-04T03:24:49.063550049Z"}
{"level":"warn","module":"runtime","msg":"[   50.175848] veth0 (unregistering): left allmulticast mode","ts":"2025-07-04T03:24:49.065802208Z"}
{"level":"warn","module":"runtime","msg":"[   50.177657] veth0 (unregistering): left promiscuous mode","ts":"2025-07-04T03:24:49.067533349Z"}
{"level":"warn","module":"runtime","msg":"[   50.178748] podman1: port 1(veth0) entered disabled state","ts":"2025-07-04T03:24:49.068794245Z"}
{"level":"warn","module":"runtime","msg":"total        used        free      shared  buff/cache   available","ts":"2025-07-04T03:24:49.621606518Z"}
{"level":"warn","module":"runtime","msg":"Mem:         304.3M       67.9M       13.1M      180.0K      223.3M      226.5M","ts":"2025-07-04T03:24:49.623393484Z"}
{"level":"warn","module":"runtime","msg":"Swap:             0           0           0","ts":"2025-07-04T03:24:49.624454096Z"}
