{"level":"warn","module":"runtime","msg":"\u001b[2J\u001b[01;01H\u001b[=3h\u001b[2J\u001b[01;01H[    0.000000] tdx: Guest detected","ts":"2025-07-04T03:28:58.607153214Z"}
{"level":"warn","module":"runtime","msg":"[    0.000000] Linux version 6.12.27-yocto-tiny (oe-user@oe-host) (x86_64-poky-linux-gcc (GCC) 13.3.0, GNU ld (GNU Binutils) 2.42.0.20240716) #1 SMP PREEMPT Tue May  6 14:20:34 UTC 2025","ts":"2025-07-04T03:28:58.612240837Z"}
{"level":"warn","module":"runtime","msg":"[    0.000000] Command line: console=ttyS0 oasis.stage2.roothash=e4ab4ad55ae69c84e685cb3f0e0ebc26de85a33cf1403206c15203b8411222c0 oasis.stage2.hash_offset=69386240 oasis.stage2.storage_mode=custom oasis.stage2.storage_size=1048576 oasis.stage2.storage_offset=4194304 ROFL_APP_ID=rofl1qz0vzsa0vt9vy4ex9gq4457h43uu7kukhv9naf8f ROFL_CONSENSUS_TRUST_ROOT=pGRoYXNoeEAzMmJiNjgwMGY0MWMzMDhmMmE1Njk5ZGQxOTkyMTYwMzM3MmZiZjFhNTUwMDQ5MmRkOWQ1MGJiYjQ1OGIxYWE5ZmhlaWdodBoBoUGvanJ1bnRpbWVfaWRYIAAAAAAAAAAAAAAAAAAAAAAAAAAAAAAAAKbR4+v2Df9sbWNoYWluX2NvbnRleHR4QDBiOTFiOGU0ZTQ0YjIwMDNhN2M1ZTIzZGRhZGI1ZTE0ZWY1MzQ1YzBlYmNiM2RkY2FlMDdmYTJmMjQ0Y2FiNzY=","ts":"2025-07-04T03:28:58.629754413Z"}
{"level":"warn","module":"runtime","msg":"[    0.000000] x86/split lock detection: #DB: warning on user-space bus_locks","ts":"2025-07-04T03:28:58.631951721Z"}
{"level":"warn","module":"runtime","msg":"[    0.000000] BIOS-provided physical RAM map:","ts":"2025-07-04T03:28:58.633312459Z"}
{"level":"warn","module":"runtime","msg":"[    0.000000] BIOS-e820: [mem 0x0000000000000000-0x000000000080bfff] usable","ts":"2025-07-04T03:28:58.635484684Z"}
{"level":"warn","module":"runtime","msg":"[    0.000000] BIOS-e820: [mem 0x000000000080c000-0x000000000080cfff] ACPI NVS","ts":"2025-07-04T03:28:58.637756867Z"}
{"level":"warn","module":"runtime","msg":"[    0.000000] BIOS-e820: [mem 0x000000000080d000-0x0000000019872fff] usable","ts":"2025-07-04T03:28:58.639955289Z"}
{"level":"warn","module":"runtime","msg":"[    0.000000] BIOS-e820: [mem 0x0000000019873000-0x0000000019873fff] ACPI data","ts":"2025-07-04T03:28:58.642273428Z"}
{"level":"warn","module":"runtime","msg":"[    0.000000] BIOS-e820: [mem 0x0000000019874000-0x000000001988ffff] usable","ts":"2025-07-04T03:28:58.644435052Z"}
{"level":"warn","module":"runtime","msg":"[    0.000000] BIOS-e820: [mem 0x0000000019890000-0x0000000019890fff] ACPI data","ts":"2025-07-04T03:28:58.646723165Z"}
{"level":"warn","module":"runtime","msg":"[    0.000000] BIOS-e820: [mem 0x0000000019891000-0x0000000019892fff] usable","ts":"2025-07-04T03:28:58.648870558Z"}
{"level":"warn","module":"runtime","msg":"[    0.000000] BIOS-e820: [mem 0x0000000019893000-0x0000000019893fff] ACPI data","ts":"2025-07-04T03:28:58.651119325Z"}
{"level":"warn","module":"runtime","msg":"[    0.000000] BIOS-e820: [mem 0x0000000019894000-0x0000000019898fff] reserved","ts":"2025-07-04T03:28:58.653419464Z"}
{"level":"warn","module":"runtime","msg":"[    0.000000] BIOS-e820: [mem 0x0000000019899000-0x00000000198b0fff] ACPI NVS","ts":"2025-07-04T03:28:58.655649176Z"}
{"level":"warn","module":"runtime","msg":"[    0.000000] BIOS-e820: [mem 0x00000000198b1000-0x000000001993afff] reserved","ts":"2025-07-04T03:28:58.657917714Z"}
{"level":"warn","module":"runtime","msg":"[    0.000000] BIOS-e820: [mem 0x000000001993b000-0x000000001a9bafff] usable","ts":"2025-07-04T03:28:58.660078354Z"}
{"level":"warn","module":"runtime","msg":"[    0.000000] BIOS-e820: [mem 0x000000001a9bb000-0x000000001aa12fff] reserved","ts":"2025-07-04T03:28:58.662287174Z"}
{"level":"warn","module":"runtime","msg":"[    0.000000] BIOS-e820: [mem 0x000000001aa13000-0x000000001aa1afff] ACPI data","ts":"2025-07-04T03:28:58.66456877Z"}
{"level":"warn","module":"runtime","msg":"[    0.000000] BIOS-e820: [mem 0x000000001aa1b000-0x000000001aa1efff] ACPI NVS","ts":"2025-07-04T03:28:58.666802995Z"}
{"level":"warn","module":"runtime","msg":"[    0.000000] BIOS-e820: [mem 0x000000001aa1f000-0x000000001c17bfff] usable","ts":"2025-07-04T03:28:58.669025597Z"}
{"level":"warn","module":"runtime","msg":"[    0.000000] BIOS-e820: [mem 0x000000001c17c000-0x000000001c1fffff] reserved","ts":"2025-07-04T03:28:58.67136681Z"}
{"level":"warn","module":"runtime","msg":"[    0.000000] BIOS-e820: [mem 0x00000000e0000000-0x00000000efffffff] reserved","ts":"2025-07-04T03:28:58.673574425Z"}
{"level":"warn","module":"runtime","msg":"[    0.000000] NX (Execute Disable) protection: active","ts":"2025-07-04T03:28:58.675132342Z"}
{"level":"warn","module":"runtime","msg":"[    0.000000] APIC: Static calls initialized","ts":"2025-07-04T03:28:58.676504042Z"}
{"level":"warn","module":"runtime","msg":"[    0.000000] efi: EFI v2.7 by EDK II","ts":"2025-07-04T03:28:58.677634307Z"}
{"level":"warn","module":"runtime","msg":"[    0.000000] efi: CCFinalLog=0x19899000 ACPI=0x1aa1a000 ACPI 2.0=0x1aa1a014 SMBIOS=0x1a9eb000 SMBIOS 3.0=0x19897000 MEMATTR=0x19998018 TPMEventLog=0x1aa14018","ts":"2025-07-04T03:28:58.682096515Z"}
{"level":"warn","module":"runtime","msg":"[    0.000000] [Firmware Bug]: Failed to parse event in TPM Final Events Log","ts":"2025-07-04T03:28:58.68428216Z"}
{"level":"warn","module":"runtime","msg":"[    0.000000] SMBIOS 3.0.0 present.","ts":"2025-07-04T03:28:58.685367158Z"}
{"level":"warn","module":"runtime","msg":"[    0.000000] DMI: QEMU Standard PC (Q35 + ICH9, 2009), BIOS unknown 02/02/2022","ts":"2025-07-04T03:28:58.687652258Z"}
{"level":"warn","module":"runtime","msg":"[    0.000000] DMI: Memory slots populated: 1/1","ts":"2025-07-04T03:28:58.68903345Z"}
{"level":"warn","module":"runtime","msg":"[    0.000000] Hypervisor detected: KVM","ts":"2025-07-04T03:28:58.690199177Z"}
{"level":"warn","module":"runtime","msg":"[    0.000000] tsc: Detected 2200.000 MHz processor","ts":"2025-07-04T03:28:58.691687148Z"}
{"level":"warn","module":"runtime","msg":"[    0.000020] last_pfn = 0x1c17c max_arch_pfn = 0x400000000","ts":"2025-07-04T03:28:58.693417639Z"}
{"level":"warn","module":"runtime","msg":"[    0.000022] MTRR map: 0 entries (0 fixed + 0 variable; max 0), built from 0 variable MTRRs","ts":"2025-07-04T03:28:58.696088841Z"}
{"level":"warn","module":"runtime","msg":"[    0.000024] MTRRs set to read-only","ts":"2025-07-04T03:28:58.697213938Z"}
{"level":"warn","module":"runtime","msg":"[    0.000025] x86/PAT: Configuration [0-7]: WB  WC  UC- UC  WB  WP  UC- WT","ts":"2025-07-04T03:28:58.699449855Z"}
{"level":"warn","module":"runtime","msg":"[    0.000039] x2apic: enabled by BIOS, switching to x2apic ops","ts":"2025-07-04T03:28:58.70127345Z"}
{"level":"warn","module":"runtime","msg":"[    0.000068] software IO TLB: SWIOTLB bounce buffer size adjusted to 64MB","ts":"2025-07-04T03:28:58.70343342Z"}
{"level":"warn","module":"runtime","msg":"[    0.000076] Using GB pages for direct mapping","ts":"2025-07-04T03:28:58.704850253Z"}
{"level":"warn","module":"runtime","msg":"[    0.001061] Secure boot disabled","ts":"2025-07-04T03:28:58.705913214Z"}
{"level":"warn","module":"runtime","msg":"[    0.001063] ACPI: Early table checksum verification disabled","ts":"2025-07-04T03:28:58.707721642Z"}
{"level":"warn","module":"runtime","msg":"[    0.001067] ACPI: RSDP 0x000000001AA1A014 000024 (v02 BOCHS )","ts":"2025-07-04T03:28:58.709600949Z"}
{"level":"warn","module":"runtime","msg":"[    0.001071] ACPI: XSDT 0x000000001AA190E8 00004C (v01 BOCHS  BXPC     00000001      01000013)","ts":"2025-07-04T03:28:58.712325285Z"}
{"level":"warn","module":"runtime","msg":"[    0.001075] ACPI: FACP 0x000000001AA15000 0000F4 (v03 BOCHS  BXPC     00000001 BXPC 00000001)","ts":"2025-07-04T03:28:58.715036707Z"}
{"level":"warn","module":"runtime","msg":"[    0.001080] ACPI: DSDT 0x000000001AA16000 001FF9 (v01 BOCHS  BXPC     00000001 BXPC 00000001)","ts":"2025-07-04T03:28:58.717793592Z"}
{"level":"warn","module":"runtime","msg":"[    0.001083] ACPI: FACS 0x000000001AA1D000 000040","ts":"2025-07-04T03:28:58.71928476Z"}
{"level":"warn","module":"runtime","msg":"[    0.001085] ACPI: CCEL 0x000000001AA18000 000038 (v01 INTEL  EDK2     00000002      01000013)","ts":"2025-07-04T03:28:58.722014157Z"}
{"level":"warn","module":"runtime","msg":"[    0.001087] ACPI: MCFG 0x000000001AA13000 00003C (v01 BOCHS  BXPC     00000001 BXPC 00000001)","ts":"2025-07-04T03:28:58.724772914Z"}
{"level":"warn","module":"runtime","msg":"[    0.001090] ACPI: WAET 0x0000000019873000 000028 (v01 BOCHS  BXPC     00000001 BXPC 00000001)","ts":"2025-07-04T03:28:58.727575955Z"}
{"level":"warn","module":"runtime","msg":"[    0.001092] ACPI: APIC 0x0000000019893000 0000F6 (v03 BOCHS  BXPC     00000001 BXPC 00000001)","ts":"2025-07-04T03:28:58.730323188Z"}
{"level":"warn","module":"runtime","msg":"[    0.001094] ACPI: Reserving FACP table memory at [mem 0x1aa15000-0x1aa150f3]","ts":"2025-07-04T03:28:58.732570511Z"}
{"level":"warn","module":"runtime","msg":"[    0.001095] ACPI: Reserving DSDT table memory at [mem 0x1aa16000-0x1aa17ff8]","ts":"2025-07-04T03:28:58.734822767Z"}
{"level":"warn","module":"runtime","msg":"[    0.001096] ACPI: Reserving FACS table memory at [mem 0x1aa1d000-0x1aa1d03f]","ts":"2025-07-04T03:28:58.737088232Z"}
{"level":"warn","module":"runtime","msg":"[    0.001097] ACPI: Reserving CCEL table memory at [mem 0x1aa18000-0x1aa18037]","ts":"2025-07-04T03:28:58.73942475Z"}
{"level":"warn","module":"runtime","msg":"[    0.001098] ACPI: Reserving MCFG table memory at [mem 0x1aa13000-0x1aa1303b]","ts":"2025-07-04T03:28:58.741724514Z"}
{"level":"warn","module":"runtime","msg":"[    0.001099] ACPI: Reserving WAET table memory at [mem 0x19873000-0x19873027]","ts":"2025-07-04T03:28:58.743955453Z"}
{"level":"warn","module":"runtime","msg":"[    0.001100] ACPI: Reserving APIC table memory at [mem 0x19893000-0x198930f5]","ts":"2025-07-04T03:28:58.746217904Z"}
{"level":"warn","module":"runtime","msg":"[    0.001176] APIC: Switched APIC routing to: cluster x2apic","ts":"2025-07-04T03:28:58.747994796Z"}
{"level":"warn","module":"runtime","msg":"[    0.001188] Zone ranges:","ts":"2025-07-04T03:28:58.748836891Z"}
{"level":"warn","module":"runtime","msg":"[    0.001188]   DMA      [mem 0x0000000000001000-0x0000000000ffffff]","ts":"2025-07-04T03:28:58.750887644Z"}
{"level":"warn","module":"runtime","msg":"[    0.001190]   DMA32    [mem 0x0000000001000000-0x000000001c17bfff]","ts":"2025-07-04T03:28:58.752889669Z"}
{"level":"warn","module":"runtime","msg":"[    0.001192]   Normal   empty","ts":"2025-07-04T03:28:58.753840499Z"}
{"level":"warn","module":"runtime","msg":"[    0.001193] Movable zone start for each node","ts":"2025-07-04T03:28:58.75524227Z"}
{"level":"warn","module":"runtime","msg":"[    0.001193] Early memory node ranges","ts":"2025-07-04T03:28:58.756405287Z"}
{"level":"warn","module":"runtime","msg":"[    0.001194]   node   0: [mem 0x0000000000001000-0x000000000009ffff]","ts":"2025-07-04T03:28:58.75840631Z"}
{"level":"warn","module":"runtime","msg":"[    0.001195]   node   0: [mem 0x0000000000100000-0x000000000080bfff]","ts":"2025-07-04T03:28:58.760411539Z"}
{"level":"warn","module":"runtime","msg":"[    0.001196]   node   0: [mem 0x000000000080d000-0x0000000019872fff]","ts":"2025-07-04T03:28:58.76241706Z"}
{"level":"warn","module":"runtime","msg":"[    0.001197]   node   0: [mem 0x0000000019874000-0x000000001988ffff]","ts":"2025-07-04T03:28:58.76441894Z"}
{"level":"warn","module":"runtime","msg":"[    0.001198]   node   0: [mem 0x0000000019891000-0x0000000019892fff]","ts":"2025-07-04T03:28:58.766420997Z"}
{"level":"warn","module":"runtime","msg":"[    0.001198]   node   0: [mem 0x000000001993b000-0x000000001a9bafff]","ts":"2025-07-04T03:28:58.768444984Z"}
{"level":"warn","module":"runtime","msg":"[    0.001199]   node   0: [mem 0x000000001aa1f000-0x000000001c17bfff]","ts":"2025-07-04T03:28:58.77043556Z"}
{"level":"warn","module":"runtime","msg":"[    0.001200] Initmem setup node 0 [mem 0x0000000000001000-0x000000001c17bfff]","ts":"2025-07-04T03:28:58.772691007Z"}
{"level":"warn","module":"runtime","msg":"[    0.001206] On node 0, zone DMA: 1 pages in unavailable ranges","ts":"2025-07-04T03:28:58.774551217Z"}
{"level":"warn","module":"runtime","msg":"[    0.001226] On node 0, zone DMA: 96 pages in unavailable ranges","ts":"2025-07-04T03:28:58.776472144Z"}
{"level":"warn","module":"runtime","msg":"[    0.001246] On node 0, zone DMA: 1 pages in unavailable ranges","ts":"2025-07-04T03:28:58.778405064Z"}
{"level":"warn","module":"runtime","msg":"[    0.002148] On node 0, zone DMA32: 1 pages in unavailable ranges","ts":"2025-07-04T03:28:58.780365251Z"}
{"level":"warn","module":"runtime","msg":"[    0.002151] On node 0, zone DMA32: 1 pages in unavailable ranges","ts":"2025-07-04T03:28:58.782283838Z"}
{"level":"warn","module":"runtime","msg":"[    0.002193] On node 0, zone DMA32: 168 pages in unavailable ranges","ts":"2025-07-04T03:28:58.784289687Z"}
{"level":"warn","module":"runtime","msg":"[    0.002249] On node 0, zone DMA32: 100 pages in unavailable ranges","ts":"2025-07-04T03:28:58.786306593Z"}
{"level":"warn","module":"runtime","msg":"[    0.002557] On node 0, zone DMA32: 16004 pages in unavailable ranges","ts":"2025-07-04T03:28:58.788369989Z"}
{"level":"warn","module":"runtime","msg":"[    0.003847] ACPI: PM-Timer IO Port: 0x608","ts":"2025-07-04T03:28:58.789677122Z"}
{"level":"warn","module":"runtime","msg":"[    0.003884] ACPI: LAPIC_NMI (acpi_id[0xff] dfl dfl lint[0x1])","ts":"2025-07-04T03:28:58.791529475Z"}
{"level":"warn","module":"runtime","msg":"[    0.004027] IOAPIC[0]: apic_id 0, version 32, address 0xfec00000, GSI 0-23","ts":"2025-07-04T03:28:58.793729801Z"}
{"level":"warn","module":"runtime","msg":"[    0.004030] ACPI: INT_SRC_OVR (bus 0 bus_irq 0 global_irq 2 high edge)","ts":"2025-07-04T03:28:58.79583383Z"}
{"level":"warn","module":"runtime","msg":"[    0.004033] ACPI: INT_SRC_OVR (bus 0 bus_irq 1 global_irq 1 high edge)","ts":"2025-07-04T03:28:58.797953711Z"}
{"level":"warn","module":"runtime","msg":"[    0.004034] ACPI: INT_SRC_OVR (bus 0 bus_irq 2 global_irq 2 high edge)","ts":"2025-07-04T03:28:58.800058241Z"}
{"level":"warn","module":"runtime","msg":"[    0.004035] ACPI: INT_SRC_OVR (bus 0 bus_irq 3 global_irq 3 high edge)","ts":"2025-07-04T03:28:58.80217417Z"}
{"level":"warn","module":"runtime","msg":"[    0.004036] ACPI: INT_SRC_OVR (bus 0 bus_irq 4 global_irq 4 high edge)","ts":"2025-07-04T03:28:58.804255853Z"}
{"level":"warn","module":"runtime","msg":"[    0.004037] ACPI: INT_SRC_OVR (bus 0 bus_irq 5 global_irq 5 high edge)","ts":"2025-07-04T03:28:58.806406645Z"}
{"level":"warn","module":"runtime","msg":"[    0.004038] ACPI: INT_SRC_OVR (bus 0 bus_irq 6 global_irq 6 high edge)","ts":"2025-07-04T03:28:58.808495365Z"}
{"level":"warn","module":"runtime","msg":"[    0.004039] ACPI: INT_SRC_OVR (bus 0 bus_irq 7 global_irq 7 high edge)","ts":"2025-07-04T03:28:58.810602244Z"}
{"level":"warn","module":"runtime","msg":"[    0.004040] ACPI: INT_SRC_OVR (bus 0 bus_irq 8 global_irq 8 high edge)","ts":"2025-07-04T03:28:58.812688557Z"}
{"level":"warn","module":"runtime","msg":"[    0.004041] ACPI: INT_SRC_OVR (bus 0 bus_irq 9 global_irq 9 high edge)","ts":"2025-07-04T03:28:58.81476705Z"}
{"level":"warn","module":"runtime","msg":"[    0.004042] ACPI: INT_SRC_OVR (bus 0 bus_irq 10 global_irq 10 high edge)","ts":"2025-07-04T03:28:58.817007449Z"}
{"level":"warn","module":"runtime","msg":"[    0.004043] ACPI: INT_SRC_OVR (bus 0 bus_irq 11 global_irq 11 high edge)","ts":"2025-07-04T03:28:58.819147143Z"}
{"level":"warn","module":"runtime","msg":"[    0.004044] ACPI: INT_SRC_OVR (bus 0 bus_irq 12 global_irq 12 high edge)","ts":"2025-07-04T03:28:58.821291418Z"}
{"level":"warn","module":"runtime","msg":"[    0.004045] ACPI: INT_SRC_OVR (bus 0 bus_irq 13 global_irq 13 high edge)","ts":"2025-07-04T03:28:58.823433644Z"}
{"level":"warn","module":"runtime","msg":"[    0.004046] ACPI: INT_SRC_OVR (bus 0 bus_irq 14 global_irq 14 high edge)","ts":"2025-07-04T03:28:58.825592932Z"}
{"level":"warn","module":"runtime","msg":"[    0.004047] ACPI: INT_SRC_OVR (bus 0 bus_irq 15 global_irq 15 high edge)","ts":"2025-07-04T03:28:58.827769373Z"}
{"level":"warn","module":"runtime","msg":"[    0.004051] APIC: wakeup_secondary_cpu_64() replaced with acpi_wakeup_cpu()","ts":"2025-07-04T03:28:58.829986626Z"}
{"level":"warn","module":"runtime","msg":"[    0.004058] ACPI: Using ACPI (MADT) for SMP configuration information","ts":"2025-07-04T03:28:58.832038568Z"}
{"level":"warn","module":"runtime","msg":"[    0.004059] TSC deadline timer available","ts":"2025-07-04T03:28:58.833373022Z"}
{"level":"warn","module":"runtime","msg":"[    0.004065] CPU topo: Max. logical packages:   1","ts":"2025-07-04T03:28:58.834847316Z"}
{"level":"warn","module":"runtime","msg":"[    0.004066] CPU topo: Max. logical dies:       1","ts":"2025-07-04T03:28:58.83637844Z"}
{"level":"warn","module":"runtime","msg":"[    0.004066] CPU topo: Max. dies per package:   1","ts":"2025-07-04T03:28:58.837888123Z"}
{"level":"warn","module":"runtime","msg":"[    0.004070] CPU topo: Max. threads per core:   1","ts":"2025-07-04T03:28:58.839440299Z"}
{"level":"warn","module":"runtime","msg":"[    0.004071] CPU topo: Num. cores per package:     1","ts":"2025-07-04T03:28:58.84100644Z"}
{"level":"warn","module":"runtime","msg":"[    0.004072] CPU topo: Num. threads per package:   1","ts":"2025-07-04T03:28:58.842591355Z"}
{"level":"warn","module":"runtime","msg":"[    0.004072] CPU topo: Allowing 1 present CPUs plus 0 hotplug CPUs","ts":"2025-07-04T03:28:58.844591673Z"}
{"level":"warn","module":"runtime","msg":"[    0.004188] [mem 0x1c200000-0xdfffffff] available for PCI devices","ts":"2025-07-04T03:28:58.846584041Z"}
{"level":"warn","module":"runtime","msg":"[    0.004189] Booting paravirtualized kernel on KVM","ts":"2025-07-04T03:28:58.848146733Z"}
{"level":"warn","module":"runtime","msg":"[    0.004193] clocksource: refined-jiffies: mask: 0xffffffff max_cycles: 0xffffffff, max_idle_ns: 1910969940391419 ns","ts":"2025-07-04T03:28:58.851445787Z"}
{"level":"warn","module":"runtime","msg":"[    0.004199] setup_percpu: NR_CPUS:64 nr_cpumask_bits:1 nr_cpu_ids:1 nr_node_ids:1","ts":"2025-07-04T03:28:58.85382098Z"}
{"level":"warn","module":"runtime","msg":"[    0.004492] percpu: Embedded 49 pages/cpu s160088 r8192 d32424 u2097152","ts":"2025-07-04T03:28:58.856004923Z"}
{"level":"warn","module":"runtime","msg":"[    0.004532] Kernel command line: console=ttyS0 oasis.stage2.roothash=e4ab4ad55ae69c84e685cb3f0e0ebc26de85a33cf1403206c15203b8411222c0 oasis.stage2.hash_offset=69386240 oasis.stage2.storage_mode=custom oasis.stage2.storage_size=1048576 oasis.stage2.storage_offset=4194304 ROFL_APP_ID=rofl1qz0vzsa0vt9vy4ex9gq4457h43uu7kukhv9naf8f ROFL_CONSENSUS_TRUST_ROOT=pGRoYXNoeEAzMmJiNjgwMGY0MWMzMDhmMmE1Njk5ZGQxOTkyMTYwMzM3MmZiZjFhNTUwMDQ5MmRkOWQ1MGJiYjQ1OGIxYWE5ZmhlaWdodBoBoUGvanJ1bnRpbWVfaWRYIAAAAAAAAAAAAAAAAAAAAAAAAAAAAAAAAKbR4+v2Df9sbWNoYWluX2NvbnRleHR4QDBiOTFiOGU0ZTQ0YjIwMDNhN2M1ZTIzZGRhZGI1ZTE0ZWY1MzQ1YzBlYmNiM2RkY2FlMDdmYTJmMjQ0Y2FiNzY=","ts":"2025-07-04T03:28:58.873506564Z"}
{"level":"warn","module":"runtime","msg":"[    0.004634] Unknown kernel command line parameters \"ROFL_APP_ID=rofl1qz0vzsa0vt9vy4ex9gq4457h43uu7kukhv9naf8f ROFL_CONSENSUS_TRUST_ROOT=pGRoYXNoeEAzMmJiNjgwMGY0MWMzMDhmMmE1Njk5ZGQxOTkyMTYwMzM3MmZiZjFhNTUwMDQ5MmRkOWQ1MGJiYjQ1OGIxYWE5ZmhlaWdodBoBoUGvanJ1bnRpbWVfaWRYIAAAAAAAAAAAAAAAAAAAAAAAAAAAAAAAAKbR4+v2Df9sbWNoYWluX2NvbnRleHR4QDBiOTFiOGU0ZTQ0YjIwMDNhN2M1ZTIzZGRhZGI1ZTE0ZWY1MzQ1YzBlYmNiM2RkY2FlMDdmYTJmMjQ0Y2FiNzY=\", will be passed to user space.","ts":"2025-07-04T03:28:58.8858741Z"}
{"level":"warn","module":"runtime","msg":"[    0.004649] random: crng init done","ts":"2025-07-04T03:28:58.887021599Z"}
{"level":"warn","module":"runtime","msg":"[    0.004732] Dentry cache hash table entries: 65536 (order: 7, 524288 bytes, linear)","ts":"2025-07-04T03:28:58.88958855Z"}
{"level":"warn","module":"runtime","msg":"[    0.004769] Inode-cache hash table entries: 32768 (order: 6, 262144 bytes, linear)","ts":"2025-07-04T03:28:58.89198129Z"}
{"level":"warn","module":"runtime","msg":"[    0.004798] Built 1 zonelists, mobility grouping on.  Total pages: 114700","ts":"2025-07-04T03:28:58.894141123Z"}
{"level":"warn","module":"runtime","msg":"[    0.004800] mem auto-init: stack:all(zero), heap alloc:off, heap free:off","ts":"2025-07-04T03:28:58.896330299Z"}
{"level":"warn","module":"runtime","msg":"[    0.004804] software IO TLB: area num 1.","ts":"2025-07-04T03:28:58.897592322Z"}
{"level":"warn","module":"runtime","msg":"[    0.022987] SLUB: HWalign=64, Order=0-3, MinObjects=0, CPUs=1, Nodes=1","ts":"2025-07-04T03:28:58.89970188Z"}
{"level":"warn","module":"runtime","msg":"[    0.023062] rcu: Preemptible hierarchical RCU implementation.","ts":"2025-07-04T03:28:58.901554124Z"}
{"level":"warn","module":"runtime","msg":"[    0.023063] rcu: \tRCU restricting CPUs from NR_CPUS=64 to nr_cpu_ids=1.","ts":"2025-07-04T03:28:58.903690837Z"}
{"level":"warn","module":"runtime","msg":"[    0.023066] \tTrampoline variant of Tasks RCU enabled.","ts":"2025-07-04T03:28:58.905307925Z"}
{"level":"warn","module":"runtime","msg":"[    0.023067] \tTracing variant of Tasks RCU enabled.","ts":"2025-07-04T03:28:58.90688139Z"}
{"level":"warn","module":"runtime","msg":"[    0.023068] rcu: RCU calculated value of scheduler-enlistment delay is 100 jiffies.","ts":"2025-07-04T03:28:58.909313954Z"}
{"level":"warn","module":"runtime","msg":"[    0.023069] rcu: Adjusting geometry for rcu_fanout_leaf=16, nr_cpu_ids=1","ts":"2025-07-04T03:28:58.91145243Z"}
{"level":"warn","module":"runtime","msg":"[    0.023075] RCU Tasks: Setting shift to 0 and lim to 1 rcu_task_cb_adjust=1 rcu_task_cpu_ids=1.","ts":"2025-07-04T03:28:58.914193754Z"}
{"level":"warn","module":"runtime","msg":"[    0.023078] RCU Tasks Trace: Setting shift to 0 and lim to 1 rcu_task_cb_adjust=1 rcu_task_cpu_ids=1.","ts":"2025-07-04T03:28:58.917171862Z"}
{"level":"warn","module":"runtime","msg":"[    0.023080] NR_IRQS: 4352, nr_irqs: 256, preallocated irqs: 16","ts":"2025-07-04T03:28:58.91905106Z"}
{"level":"warn","module":"runtime","msg":"[    0.023448] rcu: srcu_init: Setting srcu_struct sizes based on contention.","ts":"2025-07-04T03:28:58.92130144Z"}
{"level":"warn","module":"runtime","msg":"[    0.023827] Console: colour dummy device 80x25","ts":"2025-07-04T03:28:58.922757076Z"}
{"level":"warn","module":"runtime","msg":"[    0.023948] printk: legacy console [ttyS0] enabled","ts":"2025-07-04T03:28:58.924356509Z"}
{"level":"warn","module":"runtime","msg":"[    0.342474] ACPI: Core revision 20240827","ts":"2025-07-04T03:28:58.925636926Z"}
{"level":"warn","module":"runtime","msg":"[    0.343788] ACPI BIOS Warning (bug): Incorrect checksum in table [APIC] - 0x35, should be 0xFFFFFF95 (20240827/utcksum-58)","ts":"2025-07-04T03:28:58.929207882Z"}
{"level":"warn","module":"runtime","msg":"[    0.347419] APIC: Switch to symmetric I/O mode setup","ts":"2025-07-04T03:28:58.930962844Z"}
{"level":"warn","module":"runtime","msg":"[    0.352912] APIC: Switched APIC routing to: physical x2apic","ts":"2025-07-04T03:28:58.936673132Z"}
{"level":"warn","module":"runtime","msg":"[    0.362673] ..TIMER: vector=0x30 apic1=0 pin1=2 apic2=-1 pin2=-1","ts":"2025-07-04T03:28:58.946544658Z"}
{"level":"warn","module":"runtime","msg":"[    0.365094] clocksource: tsc-early: mask: 0xffffffffffffffff max_cycles: 0x1fb633008a4, max_idle_ns: 440795292230 ns","ts":"2025-07-04T03:28:58.950473562Z"}
{"level":"warn","module":"runtime","msg":"[    0.368604] Calibrating delay loop (skipped), value calculated using timer frequency.. 4400.00 BogoMIPS (lpj=2200000)","ts":"2025-07-04T03:28:58.953969907Z"}
{"level":"warn","module":"runtime","msg":"[    0.369818] x86/cpu: User Mode Instruction Prevention (UMIP) activated","ts":"2025-07-04T03:28:58.956380594Z"}
{"level":"warn","module":"runtime","msg":"[    0.371089] Last level iTLB entries: 4KB 0, 2MB 0, 4MB 0","ts":"2025-07-04T03:28:58.958660022Z"}
{"level":"warn","module":"runtime","msg":"[    0.371604] Last level dTLB entries: 4KB 0, 2MB 0, 4MB 0, 1GB 0","ts":"2025-07-04T03:28:58.960660756Z"}
{"level":"warn","module":"runtime","msg":"[    0.372607] process: using TDX aware idle routine","ts":"2025-07-04T03:28:58.962240259Z"}
{"level":"warn","module":"runtime","msg":"[    0.373608] Spectre V1 : Vulnerable: __user pointer sanitization and usercopy barriers only; no swapgs barriers","ts":"2025-07-04T03:28:58.96566573Z"}
{"level":"warn","module":"runtime","msg":"[    0.374608] Spectre V2 : User space: Vulnerable","ts":"2025-07-04T03:28:58.96717411Z"}
{"level":"warn","module":"runtime","msg":"[    0.375606] Speculative Store Bypass: Vulnerable","ts":"2025-07-04T03:28:58.968743282Z"}
{"level":"warn","module":"runtime","msg":"[    0.376624] x86/fpu: Supporting XSAVE feature 0x001: 'x87 floating point registers'","ts":"2025-07-04T03:28:58.971300788Z"}
{"level":"warn","module":"runtime","msg":"[    0.377604] x86/fpu: Supporting XSAVE feature 0x002: 'SSE registers'","ts":"2025-07-04T03:28:58.973413552Z"}
{"level":"warn","module":"runtime","msg":"[    0.378604] x86/fpu: Supporting XSAVE feature 0x004: 'AVX registers'","ts":"2025-07-04T03:28:58.975501112Z"}
{"level":"warn","module":"runtime","msg":"[    0.379605] x86/fpu: xstate_offset[2]:  576, xstate_sizes[2]:  256","ts":"2025-07-04T03:28:58.977553608Z"}
{"level":"warn","module":"runtime","msg":"[    0.380604] x86/fpu: Enabled xstate features 0x7, context size is 832 bytes, using 'compacted' format.","ts":"2025-07-04T03:28:58.98058903Z"}
{"level":"warn","module":"runtime","msg":"[    0.398297] Freeing SMP alternatives memory: 28K","ts":"2025-07-04T03:28:58.998598523Z"}
{"level":"warn","module":"runtime","msg":"[    0.404607] Memory Encryption Features active: Intel TDX","ts":"2025-07-04T03:28:59.18420136Z"}
{"level":"warn","module":"runtime","msg":"[    0.405605] pid_max: default: 32768 minimum: 301","ts":"2025-07-04T03:28:59.185755124Z"}
{"level":"warn","module":"runtime","msg":"[    0.408537] Mount-cache hash table entries: 1024 (order: 1, 8192 bytes, linear)","ts":"2025-07-04T03:28:59.189604236Z"}
{"level":"warn","module":"runtime","msg":"[    0.408607] Mountpoint-cache hash table entries: 1024 (order: 1, 8192 bytes, linear)","ts":"2025-07-04T03:28:59.192136795Z"}
{"level":"warn","module":"runtime","msg":"[    0.410764] smpboot: CPU0: Intel 06/af (family: 0x6, model: 0xaf, stepping: 0x3)","ts":"2025-07-04T03:28:59.194796389Z"}
{"level":"warn","module":"runtime","msg":"[    0.411764] Performance Events: unsupported p6 CPU model 175 no PMU driver, software events only.","ts":"2025-07-04T03:28:59.197840606Z"}
{"level":"warn","module":"runtime","msg":"[    0.412629] signal: max sigframe size: 1776","ts":"2025-07-04T03:28:59.19923699Z"}
{"level":"warn","module":"runtime","msg":"[    0.413603] rcu: Hierarchical SRCU implementation.","ts":"2025-07-04T03:28:59.200820934Z"}
{"level":"warn","module":"runtime","msg":"[    0.413615] rcu: \tMax phase no-delay instances is 400.","ts":"2025-07-04T03:28:59.202510389Z"}
{"level":"warn","module":"runtime","msg":"[    0.414684] smp: Bringing up secondary CPUs ...","ts":"2025-07-04T03:28:59.204020701Z"}
{"level":"warn","module":"runtime","msg":"[    0.415622] smpboot: Parallel CPU startup disabled by the platform","ts":"2025-07-04T03:28:59.206032022Z"}
{"level":"warn","module":"runtime","msg":"[    0.416619] smp: Brought up 1 node, 1 CPU","ts":"2025-07-04T03:28:59.207324584Z"}
{"level":"warn","module":"runtime","msg":"[    0.417603] smpboot: Total of 1 processors activated (4400.00 BogoMIPS)","ts":"2025-07-04T03:28:59.209419545Z"}
{"level":"warn","module":"runtime","msg":"[    0.417636] Memory: 341932K/458800K available (12288K kernel code, 970K rwdata, 4220K rodata, 17172K init, 2224K bss, 115064K reserved, 0K cma-reserved)","ts":"2025-07-04T03:28:59.213744788Z"}
{"level":"warn","module":"runtime","msg":"[    0.418688] devtmpfs: initialized","ts":"2025-07-04T03:28:59.214773585Z"}
{"level":"warn","module":"runtime","msg":"[    0.419603] clocksource: jiffies: mask: 0xffffffff max_cycles: 0xffffffff, max_idle_ns: 1911260446275000 ns","ts":"2025-07-04T03:28:59.218116437Z"}
{"level":"warn","module":"runtime","msg":"[    0.419623] futex hash table entries: 256 (order: 2, 16384 bytes, linear)","ts":"2025-07-04T03:28:59.220240098Z"}
{"level":"warn","module":"runtime","msg":"[    0.420633] pinctrl core: initialized pinctrl subsystem","ts":"2025-07-04T03:28:59.221937745Z"}
{"level":"warn","module":"runtime","msg":"[    0.421669] NET: Registered PF_NETLINK/PF_ROUTE protocol family","ts":"2025-07-04T03:28:59.223854078Z"}
{"level":"warn","module":"runtime","msg":"[    0.422762] thermal_sys: Registered thermal governor 'step_wise'","ts":"2025-07-04T03:28:59.225898909Z"}
{"level":"warn","module":"runtime","msg":"[    0.422770] cpuidle: using governor menu","ts":"2025-07-04T03:28:59.22713381Z"}
{"level":"warn","module":"runtime","msg":"[    0.424603] PCI: Using configuration type 1 for base access","ts":"2025-07-04T03:28:59.229056623Z"}
{"level":"warn","module":"runtime","msg":"[    0.424805] cryptd: max_cpu_qlen set to 1000","ts":"2025-07-04T03:28:59.230622899Z"}
{"level":"warn","module":"runtime","msg":"[    0.425697] ACPI: Added _OSI(Module Device)","ts":"2025-07-04T03:28:59.232041119Z"}
{"level":"warn","module":"runtime","msg":"[    0.426603] ACPI: Added _OSI(Processor Device)","ts":"2025-07-04T03:28:59.233444268Z"}
{"level":"warn","module":"runtime","msg":"[    0.426615] ACPI: Added _OSI(3.0 _SCP Extensions)","ts":"2025-07-04T03:28:59.234929192Z"}
{"level":"warn","module":"runtime","msg":"[    0.427603] ACPI: Added _OSI(Processor Aggregator Device)","ts":"2025-07-04T03:28:59.236625616Z"}
{"level":"warn","module":"runtime","msg":"[    0.428203] ACPI: 1 ACPI AML tables successfully acquired and loaded","ts":"2025-07-04T03:28:59.239250964Z"}
{"level":"warn","module":"runtime","msg":"[    0.429603] ACPI: Interpreter enabled","ts":"2025-07-04T03:28:59.241629102Z"}
{"level":"warn","module":"runtime","msg":"[    0.429622] ACPI: PM: (supports S0 S5)","ts":"2025-07-04T03:28:59.242843146Z"}
{"level":"warn","module":"runtime","msg":"[    0.430603] ACPI: Using IOAPIC for interrupt routing","ts":"2025-07-04T03:28:59.244454639Z"}
{"level":"warn","module":"runtime","msg":"[    0.430635] PCI: Using host bridge windows from ACPI; if necessary, use \"pci=nocrs\" and report a bug","ts":"2025-07-04T03:28:59.247350184Z"}
{"level":"warn","module":"runtime","msg":"[    0.431615] PCI: Using E820 reservations for host bridge windows","ts":"2025-07-04T03:28:59.249302049Z"}
{"level":"warn","module":"runtime","msg":"[    0.432715] ACPI: Enabled 2 GPEs in block 00 to 3F","ts":"2025-07-04T03:28:59.250935689Z"}
{"level":"warn","module":"runtime","msg":"[    0.435124] ACPI: PCI Root Bridge [PCI0] (domain 0000 [bus 00-ff])","ts":"2025-07-04T03:28:59.25495078Z"}
{"level":"warn","module":"runtime","msg":"[    0.435620] acpi PNP0A08:00: _OSC: OS supports [ASPM ClockPM Segments MSI HPX-Type3]","ts":"2025-07-04T03:28:59.257419893Z"}
{"level":"warn","module":"runtime","msg":"[    0.436615] acpi PNP0A08:00: _OSC: not requesting OS control; OS requires [ExtendedConfig ASPM ClockPM MSI]","ts":"2025-07-04T03:28:59.260474034Z"}
{"level":"warn","module":"runtime","msg":"[    0.437679] PCI host bridge to bus 0000:00","ts":"2025-07-04T03:28:59.261835516Z"}
{"level":"warn","module":"runtime","msg":"[    0.438603] pci_bus 0000:00: root bus resource [io  0x0000-0x0cf7 window]","ts":"2025-07-04T03:28:59.263958875Z"}
{"level":"warn","module":"runtime","msg":"[    0.438616] pci_bus 0000:00: root bus resource [io  0x0d00-0xffff window]","ts":"2025-07-04T03:28:59.266267391Z"}
{"level":"warn","module":"runtime","msg":"[    0.439630] pci_bus 0000:00: root bus resource [mem 0x000a0000-0x000bffff window]","ts":"2025-07-04T03:28:59.268606892Z"}
{"level":"warn","module":"runtime","msg":"[    0.440615] pci_bus 0000:00: root bus resource [mem 0x1c200000-0xdfffffff window]","ts":"2025-07-04T03:28:59.270926308Z"}
{"level":"warn","module":"runtime","msg":"[    0.441615] pci_bus 0000:00: root bus resource [mem 0xf0000000-0xfebfffff window]","ts":"2025-07-04T03:28:59.27327205Z"}
{"level":"warn","module":"runtime","msg":"[    0.442626] pci_bus 0000:00: root bus resource [mem 0x380000000000-0x3807ffffffff window]","ts":"2025-07-04T03:28:59.275913597Z"}
{"level":"warn","module":"runtime","msg":"[    0.443616] pci_bus 0000:00: root bus resource [bus 00-ff]","ts":"2025-07-04T03:28:59.277551767Z"}
{"level":"warn","module":"runtime","msg":"[    0.444727] pci 0000:00:00.0: [8086:29c0] type 00 class 0x060000 conventional PCI endpoint","ts":"2025-07-04T03:28:59.280238654Z"}
{"level":"warn","module":"runtime","msg":"[    0.446687] pci 0000:00:01.0: [1af4:1043] type 00 class 0x078000 conventional PCI endpoint","ts":"2025-07-04T03:28:59.284428941Z"}
{"level":"warn","module":"runtime","msg":"[    0.448603] pci 0000:00:01.0: BAR 1 [mem 0x80004000-0x80004fff]","ts":"2025-07-04T03:28:59.287605675Z"}
{"level":"warn","module":"runtime","msg":"[    0.449616] pci 0000:00:01.0: BAR 4 [mem 0x380000000000-0x380000003fff 64bit pref]","ts":"2025-07-04T03:28:59.291656958Z"}
{"level":"warn","module":"runtime","msg":"[    0.452603] pci 0000:00:02.0: [1af4:1053] type 00 class 0x078000 conventional PCI endpoint","ts":"2025-07-04T03:28:59.297807868Z"}
{"level":"warn","module":"runtime","msg":"[    0.453603] pci 0000:00:02.0: BAR 1 [mem 0x80003000-0x80003fff]","ts":"2025-07-04T03:28:59.300670106Z"}
{"level":"warn","module":"runtime","msg":"[    0.454603] pci 0000:00:02.0: BAR 4 [mem 0x380000004000-0x380000007fff 64bit pref]","ts":"2025-07-04T03:28:59.304374662Z"}
{"level":"warn","module":"runtime","msg":"[    0.456834] pci 0000:00:03.0: [1af4:1042] type 00 class 0x010000 conventional PCI endpoint","ts":"2025-07-04T03:28:59.31025341Z"}
{"level":"warn","module":"runtime","msg":"[    0.458528] pci 0000:00:03.0: BAR 1 [mem 0x80002000-0x80002fff]","ts":"2025-07-04T03:28:59.313027568Z"}
{"level":"warn","module":"runtime","msg":"[    0.459603] pci 0000:00:03.0: BAR 4 [mem 0x380000008000-0x38000000bfff 64bit pref]","ts":"2025-07-04T03:28:59.316639637Z"}
{"level":"warn","module":"runtime","msg":"[    0.461835] pci 0000:00:04.0: [1af4:1041] type 00 class 0x020000 conventional PCI endpoint","ts":"2025-07-04T03:28:59.322466593Z"}
{"level":"warn","module":"runtime","msg":"[    0.463499] pci 0000:00:04.0: BAR 1 [mem 0x80001000-0x80001fff]","ts":"2025-07-04T03:28:59.325238288Z"}
{"level":"warn","module":"runtime","msg":"[    0.464603] pci 0000:00:04.0: BAR 4 [mem 0x38000000c000-0x38000000ffff 64bit pref]","ts":"2025-07-04T03:28:59.329608266Z"}
{"level":"warn","module":"runtime","msg":"[    0.465021] pci 0000:00:04.0: ROM [mem 0x00000000-0x0007ffff pref]","ts":"2025-07-04T03:28:59.3319824Z"}
{"level":"warn","module":"runtime","msg":"[    0.467411] pci 0000:00:1f.0: [8086:2918] type 00 class 0x060100 conventional PCI endpoint","ts":"2025-07-04T03:28:59.336885337Z"}
{"level":"warn","module":"runtime","msg":"[    0.468603] pci 0000:00:1f.0: quirk: [io  0x0600-0x067f] claimed by ICH6 ACPI/GPIO/TCO","ts":"2025-07-04T03:28:59.340780013Z"}
{"level":"warn","module":"runtime","msg":"[    0.469265] pci 0000:00:1f.2: [8086:2922] type 00 class 0x010601 conventional PCI endpoint","ts":"2025-07-04T03:28:59.344085953Z"}
{"level":"warn","module":"runtime","msg":"[    0.471183] pci 0000:00:1f.2: BAR 4 [io  0x6040-0x605f]","ts":"2025-07-04T03:28:59.347755067Z"}
{"level":"warn","module":"runtime","msg":"[    0.472147] pci 0000:00:1f.2: BAR 5 [mem 0x80000000-0x80000fff]","ts":"2025-07-04T03:28:59.351178973Z"}
{"level":"warn","module":"runtime","msg":"[    0.473603] pci 0000:00:1f.3: [8086:2930] type 00 class 0x0c0500 conventional PCI endpoint","ts":"2025-07-04T03:28:59.355167589Z"}
{"level":"warn","module":"runtime","msg":"[    0.474616] pci 0000:00:1f.3: BAR 4 [io  0x6000-0x603f]","ts":"2025-07-04T03:28:59.358325782Z"}
{"level":"warn","module":"runtime","msg":"[    0.476603] ACPI: PCI: Interrupt link LNKA configured for IRQ 10","ts":"2025-07-04T03:28:59.36208133Z"}
{"level":"warn","module":"runtime","msg":"[    0.476768] ACPI: PCI: Interrupt link LNKB configured for IRQ 10","ts":"2025-07-04T03:28:59.36411417Z"}
{"level":"warn","module":"runtime","msg":"[    0.477751] ACPI: PCI: Interrupt link LNKC configured for IRQ 11","ts":"2025-07-04T03:28:59.366156944Z"}
{"level":"warn","module":"runtime","msg":"[    0.478789] ACPI: PCI: Interrupt link LNKD configured for IRQ 11","ts":"2025-07-04T03:28:59.368254958Z"}
{"level":"warn","module":"runtime","msg":"[    0.479775] ACPI: PCI: Interrupt link LNKE configured for IRQ 10","ts":"2025-07-04T03:28:59.370258507Z"}
{"level":"warn","module":"runtime","msg":"[    0.480762] ACPI: PCI: Interrupt link LNKF configured for IRQ 10","ts":"2025-07-04T03:28:59.372620215Z"}
{"level":"warn","module":"runtime","msg":"[    0.481778] ACPI: PCI: Interrupt link LNKG configured for IRQ 11","ts":"2025-07-04T03:28:59.374925357Z"}
{"level":"warn","module":"runtime","msg":"[    0.482751] ACPI: PCI: Interrupt link LNKH configured for IRQ 11","ts":"2025-07-04T03:28:59.376970506Z"}
{"level":"warn","module":"runtime","msg":"[    0.483680] ACPI: PCI: Interrupt link GSIA configured for IRQ 16","ts":"2025-07-04T03:28:59.378936174Z"}
{"level":"warn","module":"runtime","msg":"[    0.484622] ACPI: PCI: Interrupt link GSIB configured for IRQ 17","ts":"2025-07-04T03:28:59.380838952Z"}
{"level":"warn","module":"runtime","msg":"[    0.485621] ACPI: PCI: Interrupt link GSIC configured for IRQ 18","ts":"2025-07-04T03:28:59.382778307Z"}
{"level":"warn","module":"runtime","msg":"[    0.486621] ACPI: PCI: Interrupt link GSID configured for IRQ 19","ts":"2025-07-04T03:28:59.384668172Z"}
{"level":"warn","module":"runtime","msg":"[    0.487621] ACPI: PCI: Interrupt link GSIE configured for IRQ 20","ts":"2025-07-04T03:28:59.386601659Z"}
{"level":"warn","module":"runtime","msg":"[    0.488621] ACPI: PCI: Interrupt link GSIF configured for IRQ 21","ts":"2025-07-04T03:28:59.388524894Z"}
{"level":"warn","module":"runtime","msg":"[    0.489622] ACPI: PCI: Interrupt link GSIG configured for IRQ 22","ts":"2025-07-04T03:28:59.390443375Z"}
{"level":"warn","module":"runtime","msg":"[    0.490621] ACPI: PCI: Interrupt link GSIH configured for IRQ 23","ts":"2025-07-04T03:28:59.392371457Z"}
{"level":"warn","module":"runtime","msg":"[    0.491740] iommu: Default domain type: Translated","ts":"2025-07-04T03:28:59.394052997Z"}
{"level":"warn","module":"runtime","msg":"[    0.492615] iommu: DMA domain TLB invalidation policy: lazy mode","ts":"2025-07-04T03:28:59.395985217Z"}
{"level":"warn","module":"runtime","msg":"[    0.493669] SCSI subsystem initialized","ts":"2025-07-04T03:28:59.397246683Z"}
{"level":"warn","module":"runtime","msg":"[    0.494603] ACPI: bus type USB registered","ts":"2025-07-04T03:28:59.398573555Z"}
{"level":"warn","module":"runtime","msg":"[    0.494628] usbcore: registered new interface driver usbfs","ts":"2025-07-04T03:28:59.400429568Z"}
{"level":"warn","module":"runtime","msg":"[    0.495622] usbcore: registered new interface driver hub","ts":"2025-07-04T03:28:59.402092605Z"}
{"level":"warn","module":"runtime","msg":"[    0.496620] usbcore: registered new device driver usb","ts":"2025-07-04T03:28:59.403718001Z"}
{"level":"warn","module":"runtime","msg":"[    0.497703] efivars: Registered efivars operations","ts":"2025-07-04T03:28:59.405336691Z"}
{"level":"warn","module":"runtime","msg":"[    0.498812] Bluetooth: Core ver 2.22","ts":"2025-07-04T03:28:59.406682212Z"}
{"level":"warn","module":"runtime","msg":"[    0.499603] NET: Registered PF_BLUETOOTH protocol family","ts":"2025-07-04T03:28:59.408354813Z"}
{"level":"warn","module":"runtime","msg":"[    0.499615] Bluetooth: HCI device and connection manager initialized","ts":"2025-07-04T03:28:59.41034956Z"}
{"level":"warn","module":"runtime","msg":"[    0.500616] Bluetooth: HCI socket layer initialized","ts":"2025-07-04T03:28:59.411954328Z"}
{"level":"warn","module":"runtime","msg":"[    0.501616] Bluetooth: L2CAP socket layer initialized","ts":"2025-07-04T03:28:59.413588457Z"}
{"level":"warn","module":"runtime","msg":"[    0.502616] Bluetooth: SCO socket layer initialized","ts":"2025-07-04T03:28:59.41515371Z"}
{"level":"warn","module":"runtime","msg":"[    0.503617] PCI: Using ACPI for IRQ routing","ts":"2025-07-04T03:28:59.416483867Z"}
{"level":"warn","module":"runtime","msg":"[    0.504883] vgaarb: loaded","ts":"2025-07-04T03:28:59.41782805Z"}
{"level":"warn","module":"runtime","msg":"[    0.505603] clocksource: Switched to clocksource tsc-early","ts":"2025-07-04T03:28:59.419642613Z"}
{"level":"warn","module":"runtime","msg":"[    0.506467] pnp: PnP ACPI init","ts":"2025-07-04T03:28:59.420736814Z"}
{"level":"warn","module":"runtime","msg":"[    0.507578] system 00:04: [mem 0xe0000000-0xefffffff window] has been reserved","ts":"2025-07-04T03:28:59.423157672Z"}
{"level":"warn","module":"runtime","msg":"[    0.510205] pnp: PnP ACPI: found 5 devices","ts":"2025-07-04T03:28:59.4248295Z"}
{"level":"warn","module":"runtime","msg":"[    0.517229] clocksource: acpi_pm: mask: 0xffffff max_cycles: 0xffffff, max_idle_ns: 2085701024 ns","ts":"2025-07-04T03:28:59.433327014Z"}
{"level":"warn","module":"runtime","msg":"[    0.520077] NET: Registered PF_INET protocol family","ts":"2025-07-04T03:28:59.434906526Z"}
{"level":"warn","module":"runtime","msg":"[    0.521671] IP idents hash table entries: 8192 (order: 4, 65536 bytes, linear)","ts":"2025-07-04T03:28:59.437245715Z"}
{"level":"warn","module":"runtime","msg":"[    0.524140] tcp_listen_portaddr_hash hash table entries: 256 (order: 0, 4096 bytes, linear)","ts":"2025-07-04T03:28:59.440094505Z"}
{"level":"warn","module":"runtime","msg":"[    0.526846] Table-perturb hash table entries: 65536 (order: 6, 262144 bytes, linear)","ts":"2025-07-04T03:28:59.442664322Z"}
{"level":"warn","module":"runtime","msg":"[    0.529273] TCP established hash table entries: 4096 (order: 3, 32768 bytes, linear)","ts":"2025-07-04T03:28:59.444978547Z"}
{"level":"warn","module":"runtime","msg":"[    0.531709] TCP bind hash table entries: 4096 (order: 5, 131072 bytes, linear)","ts":"2025-07-04T03:28:59.447277038Z"}
{"level":"warn","module":"runtime","msg":"[    0.534023] TCP: Hash tables configured (established 4096 bind 4096)","ts":"2025-07-04T03:28:59.44926183Z"}
{"level":"warn","module":"runtime","msg":"[    0.536021] UDP hash table entries: 256 (order: 1, 8192 bytes, linear)","ts":"2025-07-04T03:28:59.451364713Z"}
{"level":"warn","module":"runtime","msg":"[    0.538090] UDP-Lite hash table entries: 256 (order: 1, 8192 bytes, linear)","ts":"2025-07-04T03:28:59.453577476Z"}
{"level":"warn","module":"runtime","msg":"[    0.540329] NET: Registered PF_UNIX/PF_LOCAL protocol family","ts":"2025-07-04T03:28:59.455383625Z"}
{"level":"warn","module":"runtime","msg":"[    0.542181] RPC: Registered named UNIX socket transport module.","ts":"2025-07-04T03:28:59.45736304Z"}
{"level":"warn","module":"runtime","msg":"[    0.544088] RPC: Registered udp transport module.","ts":"2025-07-04T03:28:59.458865869Z"}
{"level":"warn","module":"runtime","msg":"[    0.545591] RPC: Registered tcp transport module.","ts":"2025-07-04T03:28:59.460365474Z"}
{"level":"warn","module":"runtime","msg":"[    0.547090] RPC: Registered tcp-with-tls transport module.","ts":"2025-07-04T03:28:59.462108893Z"}
{"level":"warn","module":"runtime","msg":"[    0.548836] RPC: Registered tcp NFSv4.1 backchannel transport module.","ts":"2025-07-04T03:28:59.464139344Z"}
{"level":"warn","module":"runtime","msg":"[    0.550873] pci 0000:00:04.0: ROM [mem 0x1c200000-0x1c27ffff pref]: assigned","ts":"2025-07-04T03:28:59.46639454Z"}
{"level":"warn","module":"runtime","msg":"[    0.553115] pci_bus 0000:00: resource 4 [io  0x0000-0x0cf7 window]","ts":"2025-07-04T03:28:59.46843099Z"}
{"level":"warn","module":"runtime","msg":"[    0.555158] pci_bus 0000:00: resource 5 [io  0x0d00-0xffff window]","ts":"2025-07-04T03:28:59.470377504Z"}
{"level":"warn","module":"runtime","msg":"[    0.557104] pci_bus 0000:00: resource 6 [mem 0x000a0000-0x000bffff window]","ts":"2025-07-04T03:28:59.472534187Z"}
{"level":"warn","module":"runtime","msg":"[    0.559258] pci_bus 0000:00: resource 7 [mem 0x1c200000-0xdfffffff window]","ts":"2025-07-04T03:28:59.474701995Z"}
{"level":"warn","module":"runtime","msg":"[    0.561428] pci_bus 0000:00: resource 8 [mem 0xf0000000-0xfebfffff window]","ts":"2025-07-04T03:28:59.476895149Z"}
{"level":"warn","module":"runtime","msg":"[    0.563618] pci_bus 0000:00: resource 9 [mem 0x380000000000-0x3807ffffffff window]","ts":"2025-07-04T03:28:59.479391363Z"}
{"level":"warn","module":"runtime","msg":"[    0.566340] PCI: CLS 0 bytes, default 64","ts":"2025-07-04T03:28:59.480882736Z"}
{"level":"warn","module":"runtime","msg":"[    0.568343] PCI-DMA: Using software bounce buffering for IO (SWIOTLB)","ts":"2025-07-04T03:28:59.483668314Z"}
{"level":"warn","module":"runtime","msg":"[    0.572370] software IO TLB: mapped [mem 0x0000000013400000-0x0000000017400000] (64MB)","ts":"2025-07-04T03:28:59.488153667Z"}
{"level":"warn","module":"runtime","msg":"[    0.577427] clocksource: tsc: mask: 0xffffffffffffffff max_cycles: 0x1fb633008a4, max_idle_ns: 440795292230 ns","ts":"2025-07-04T03:28:59.493841824Z"}
{"level":"warn","module":"runtime","msg":"[    0.582975] clocksource: Switched to clocksource tsc","ts":"2025-07-04T03:28:59.497881806Z"}
{"level":"warn","module":"runtime","msg":"[    0.584861] Initialise system trusted keyrings","ts":"2025-07-04T03:28:59.499562349Z"}
{"level":"warn","module":"runtime","msg":"[    0.586325] workingset: timestamp_bits=46 max_order=17 bucket_order=0","ts":"2025-07-04T03:28:59.501617195Z"}
{"level":"warn","module":"runtime","msg":"[    0.588381] squashfs: version 4.0 (2009/01/31) Phillip Lougher","ts":"2025-07-04T03:28:59.503562325Z"}
{"level":"warn","module":"runtime","msg":"[    0.590319] NFS: Registering the id_resolver key type","ts":"2025-07-04T03:28:59.5052175Z"}
{"level":"warn","module":"runtime","msg":"[    0.591942] Key type id_resolver registered","ts":"2025-07-04T03:28:59.506546773Z"}
{"level":"warn","module":"runtime","msg":"[    0.592926] Key type id_legacy registered","ts":"2025-07-04T03:28:59.507837733Z"}
{"level":"warn","module":"runtime","msg":"[    0.594568] fuse: init (API version 7.41)","ts":"2025-07-04T03:28:59.509129826Z"}
{"level":"warn","module":"runtime","msg":"[    0.605355] xor: automatically using best checksumming function   avx","ts":"2025-07-04T03:28:59.520880104Z"}
{"level":"warn","module":"runtime","msg":"[    0.607605] Key type asymmetric registered","ts":"2025-07-04T03:28:59.522180954Z"}
{"level":"warn","module":"runtime","msg":"[    0.608906] Asymmetric key parser 'x509' registered","ts":"2025-07-04T03:28:59.523737362Z"}
{"level":"warn","module":"runtime","msg":"[    0.611957] ACPI: \\_SB_.GSIF: Enabled at IRQ 21","ts":"2025-07-04T03:28:59.526678346Z"}
{"level":"warn","module":"runtime","msg":"[    0.615857] ACPI: \\_SB_.GSIG: Enabled at IRQ 22","ts":"2025-07-04T03:28:59.530575196Z"}
{"level":"warn","module":"runtime","msg":"[    0.619704] ACPI: \\_SB_.GSIH: Enabled at IRQ 23","ts":"2025-07-04T03:28:59.534427291Z"}
{"level":"warn","module":"runtime","msg":"[    0.623553] ACPI: \\_SB_.GSIE: Enabled at IRQ 20","ts":"2025-07-04T03:28:59.538312348Z"}
{"level":"warn","module":"runtime","msg":"[    0.627393] Serial: 8250/16550 driver, 4 ports, IRQ sharing disabled","ts":"2025-07-04T03:28:59.542662635Z"}
{"level":"warn","module":"runtime","msg":"[    0.629686] 00:02: ttyS0 at I/O 0x3f8 (irq = 4, base_baud = 115200) is a 16550A","ts":"2025-07-04T03:28:59.545371634Z"}
{"level":"warn","module":"runtime","msg":"[    0.635045] software IO TLB: Memory encryption is active and system is using DMA bounce buffers","ts":"2025-07-04T03:28:59.551220799Z"}
{"level":"warn","module":"runtime","msg":"[    0.638759] Linux agpgart interface v0.103","ts":"2025-07-04T03:28:59.553386313Z"}
{"level":"warn","module":"runtime","msg":"[    0.640175] ACPI: bus type drm_connector registered","ts":"2025-07-04T03:28:59.554994565Z"}
{"level":"warn","module":"runtime","msg":"[    0.641879] brd: module loaded","ts":"2025-07-04T03:28:59.556162838Z"}
{"level":"warn","module":"runtime","msg":"[    0.643082] virtio_blk virtio2: 1/0/0 default/read/poll queues","ts":"2025-07-04T03:28:59.558177884Z"}
{"level":"warn","module":"runtime","msg":"[    0.646445] virtio_blk virtio2: [vda] 5242880 512-byte logical blocks (2.68 GB/2.50 GiB)","ts":"2025-07-04T03:28:59.562281031Z"}
{"level":"warn","module":"runtime","msg":"[    0.650339] ACPI: \\_SB_.GSIA: Enabled at IRQ 16","ts":"2025-07-04T03:28:59.565080576Z"}
{"level":"warn","module":"runtime","msg":"[    0.653476] ahci 0000:00:1f.2: AHCI vers 0001.0000, 32 command slots, 1.5 Gbps, SATA mode","ts":"2025-07-04T03:28:59.569308009Z"}
{"level":"warn","module":"runtime","msg":"[    0.656069] ahci 0000:00:1f.2: 6/6 ports implemented (port mask 0x3f)","ts":"2025-07-04T03:28:59.571367913Z"}
{"level":"warn","module":"runtime","msg":"[    0.658091] ahci 0000:00:1f.2: flags: 64bit ncq only","ts":"2025-07-04T03:28:59.572972388Z"}
{"level":"warn","module":"runtime","msg":"[    0.664679] scsi host0: ahci","ts":"2025-07-04T03:28:59.578940089Z"}
{"level":"warn","module":"runtime","msg":"[    0.665741] scsi host1: ahci","ts":"2025-07-04T03:28:59.579975669Z"}
{"level":"warn","module":"runtime","msg":"[    0.666764] scsi host2: ahci","ts":"2025-07-04T03:28:59.581010481Z"}
{"level":"warn","module":"runtime","msg":"[    0.667798] scsi host3: ahci","ts":"2025-07-04T03:28:59.582038539Z"}
{"level":"warn","module":"runtime","msg":"[    0.668827] scsi host4: ahci","ts":"2025-07-04T03:28:59.583061423Z"}
{"level":"warn","module":"runtime","msg":"[    0.669847] scsi host5: ahci","ts":"2025-07-04T03:28:59.5840624Z"}
{"level":"warn","module":"runtime","msg":"[    0.670833] ata1: SATA max UDMA/133 abar m4096@0x80000000 port 0x80000100 irq 28 lpm-pol 0","ts":"2025-07-04T03:28:59.5866898Z"}
{"level":"warn","module":"runtime","msg":"[    0.673426] ata2: SATA max UDMA/133 abar m4096@0x80000000 port 0x80000180 irq 28 lpm-pol 0","ts":"2025-07-04T03:28:59.589301486Z"}
{"level":"warn","module":"runtime","msg":"[    0.676045] ata3: SATA max UDMA/133 abar m4096@0x80000000 port 0x80000200 irq 28 lpm-pol 0","ts":"2025-07-04T03:28:59.591908851Z"}
{"level":"warn","module":"runtime","msg":"[    0.678643] ata4: SATA max UDMA/133 abar m4096@0x80000000 port 0x80000280 irq 28 lpm-pol 0","ts":"2025-07-04T03:28:59.594517362Z"}
{"level":"warn","module":"runtime","msg":"[    0.681254] ata5: SATA max UDMA/133 abar m4096@0x80000000 port 0x80000300 irq 28 lpm-pol 0","ts":"2025-07-04T03:28:59.597120235Z"}
{"level":"warn","module":"runtime","msg":"[    0.683854] ata6: SATA max UDMA/133 abar m4096@0x80000000 port 0x80000380 irq 28 lpm-pol 0","ts":"2025-07-04T03:28:59.599773675Z"}
{"level":"warn","module":"runtime","msg":"[    0.687588] tun: Universal TUN/TAP device driver, 1.6","ts":"2025-07-04T03:28:59.602493112Z"}
{"level":"warn","module":"runtime","msg":"[    0.692036] e100: Intel(R) PRO/100 Network Driver","ts":"2025-07-04T03:28:59.606963566Z"}
{"level":"warn","module":"runtime","msg":"[    0.693690] e100: Copyright(c) 1999-2006 Intel Corporation","ts":"2025-07-04T03:28:59.608735857Z"}
{"level":"warn","module":"runtime","msg":"[    0.695467] e1000: Intel(R) PRO/1000 Network Driver","ts":"2025-07-04T03:28:59.610275957Z"}
{"level":"warn","module":"runtime","msg":"[    0.697046] e1000: Copyright (c) 1999-2006 Intel Corporation.","ts":"2025-07-04T03:28:59.61213469Z"}
{"level":"warn","module":"runtime","msg":"[    0.698865] e1000e: Intel(R) PRO/1000 Network Driver","ts":"2025-07-04T03:28:59.613703384Z"}
{"level":"warn","module":"runtime","msg":"[    0.700427] e1000e: Copyright(c) 1999 - 2015 Intel Corporation.","ts":"2025-07-04T03:28:59.615548522Z"}
{"level":"warn","module":"runtime","msg":"[    0.702284] igb: Intel(R) Gigabit Ethernet Network Driver","ts":"2025-07-04T03:28:59.617238807Z"}
{"level":"warn","module":"runtime","msg":"[    0.703965] igb: Copyright (c) 2007-2014 Intel Corporation.","ts":"2025-07-04T03:28:59.619015157Z"}
{"level":"warn","module":"runtime","msg":"[    0.705765] usbcore: registered new interface driver usbserial_generic","ts":"2025-07-04T03:28:59.621079081Z"}
{"level":"warn","module":"runtime","msg":"[    0.707806] usbserial: USB Serial support registered for generic","ts":"2025-07-04T03:28:59.622996917Z"}
{"level":"warn","module":"runtime","msg":"[    0.709725] usbcore: registered new interface driver ftdi_sio","ts":"2025-07-04T03:28:59.624823085Z"}
{"level":"warn","module":"runtime","msg":"[    0.711545] usbserial: USB Serial support registered for FTDI USB Serial Device","ts":"2025-07-04T03:28:59.627120992Z"}
{"level":"warn","module":"runtime","msg":"[    0.713850] usbcore: registered new interface driver pl2303","ts":"2025-07-04T03:28:59.628882439Z"}
{"level":"warn","module":"runtime","msg":"[    0.715610] usbserial: USB Serial support registered for pl2303","ts":"2025-07-04T03:28:59.630776425Z"}
{"level":"warn","module":"runtime","msg":"[    0.717542] i8042: PNP: PS/2 Controller [PNP0303:KBD,PNP0f13:MOU] at 0x60,0x64 irq 1,12","ts":"2025-07-04T03:28:59.633310336Z"}
{"level":"warn","module":"runtime","msg":"[    0.722726] serio: i8042 KBD port at 0x60,0x64 irq 1","ts":"2025-07-04T03:28:59.63759391Z"}
{"level":"warn","module":"runtime","msg":"[    0.724352] serio: i8042 AUX port at 0x60,0x64 irq 12","ts":"2025-07-04T03:28:59.639267737Z"}
{"level":"warn","module":"runtime","msg":"[    0.726057] mousedev: PS/2 mouse device common for all mice","ts":"2025-07-04T03:28:59.641097059Z"}
{"level":"warn","module":"runtime","msg":"[    0.728337] input: AT Raw Set 2 keyboard as /devices/platform/i8042/serio0/input/input0","ts":"2025-07-04T03:28:59.644165242Z"}
{"level":"warn","module":"runtime","msg":"[    0.730935] rtc_cmos 00:03: RTC can wake from S4","ts":"2025-07-04T03:28:59.64572104Z"}
{"level":"warn","module":"runtime","msg":"[    0.736111] rtc_cmos 00:03: registered as rtc0","ts":"2025-07-04T03:28:59.650837448Z"}
{"level":"warn","module":"runtime","msg":"[    0.740487] rtc_cmos 00:03: alarms up to one day, y3k, 242 bytes nvram","ts":"2025-07-04T03:28:59.655831623Z"}
{"level":"warn","module":"runtime","msg":"[    0.743621] i801_smbus 0000:00:1f.3: Enabling SMBus device","ts":"2025-07-04T03:28:59.658674715Z"}
{"level":"warn","module":"runtime","msg":"[    0.745442] device-mapper: ioctl: 4.48.0-ioctl (2023-03-01) initialised: dm-devel@lists.linux.dev","ts":"2025-07-04T03:28:59.661496451Z"}
{"level":"warn","module":"runtime","msg":"[    0.748730] i801_smbus 0000:00:1f.3: SMBus using PCI interrupt","ts":"2025-07-04T03:28:59.663854531Z"}
{"level":"warn","module":"runtime","msg":"[    0.750608] intel_pstate: CPU model not supported","ts":"2025-07-04T03:28:59.66539005Z"}
{"level":"warn","module":"runtime","msg":"[    0.752205] i2c i2c-0: Memory type 0x07 not supported yet, not instantiating SPD","ts":"2025-07-04T03:28:59.66783682Z"}
{"level":"warn","module":"runtime","msg":"[    0.754564] sdhci: Secure Digital Host Controller Interface driver","ts":"2025-07-04T03:28:59.669837252Z"}
{"level":"warn","module":"runtime","msg":"[    0.756573] sdhci: Copyright(c) Pierre Ossman","ts":"2025-07-04T03:28:59.671238193Z"}
{"level":"warn","module":"runtime","msg":"[    0.757983] sdhci-pltfm: SDHCI platform and OF driver helper","ts":"2025-07-04T03:28:59.673068018Z"}
{"level":"warn","module":"runtime","msg":"[    0.759817] usbcore: registered new interface driver usbhid","ts":"2025-07-04T03:28:59.674901526Z"}
{"level":"warn","module":"runtime","msg":"[    0.761625] usbhid: USB HID core driver","ts":"2025-07-04T03:28:59.676133766Z"}
{"level":"warn","module":"runtime","msg":"[    0.763106] NET: Registered PF_INET6 protocol family","ts":"2025-07-04T03:28:59.67796224Z"}
{"level":"warn","module":"runtime","msg":"[    0.764852] Segment Routing with IPv6","ts":"2025-07-04T03:28:59.679366526Z"}
{"level":"warn","module":"runtime","msg":"[    0.766100] In-situ OAM (IOAM) with IPv6","ts":"2025-07-04T03:28:59.680644277Z"}
{"level":"warn","module":"runtime","msg":"[    0.767389] NET: Registered PF_PACKET protocol family","ts":"2025-07-04T03:28:59.682261918Z"}
{"level":"warn","module":"runtime","msg":"[    0.769004] Bridge firewalling registered","ts":"2025-07-04T03:28:59.683584622Z"}
{"level":"warn","module":"runtime","msg":"[    0.770335] Key type dns_resolver registered","ts":"2025-07-04T03:28:59.684990402Z"}
{"level":"warn","module":"runtime","msg":"[    0.771746] NET: Registered PF_VSOCK protocol family","ts":"2025-07-04T03:28:59.686628112Z"}
{"level":"warn","module":"runtime","msg":"[    0.776360] IPI shorthand broadcast: enabled","ts":"2025-07-04T03:28:59.691028022Z"}
{"level":"warn","module":"runtime","msg":"[    0.777764] AES CTR mode by8 optimization enabled","ts":"2025-07-04T03:28:59.692569168Z"}
{"level":"warn","module":"runtime","msg":"[    0.780614] sched_clock: Marking stable (436510240, 343811562)->(1111713549, -331391747)","ts":"2025-07-04T03:28:59.69646193Z"}
{"level":"warn","module":"runtime","msg":"[    0.783239] Loading compiled-in X.509 certificates","ts":"2025-07-04T03:28:59.698057893Z"}
{"level":"warn","module":"runtime","msg":"[    0.834353] printk: legacy console [netcon0] enabled","ts":"2025-07-04T03:28:59.749262092Z"}
{"level":"warn","module":"runtime","msg":"[    0.842905] netconsole: network logging started","ts":"2025-07-04T03:28:59.757641327Z"}
{"level":"warn","module":"runtime","msg":"[    0.845400] clk: Disabling unused clocks","ts":"2025-07-04T03:28:59.759950269Z"}
{"level":"warn","module":"runtime","msg":"[    0.999853] ata2: SATA link down (SStatus 0 SControl 300)","ts":"2025-07-04T03:28:59.915148676Z"}
{"level":"warn","module":"runtime","msg":"[    1.002533] ata6: SATA link down (SStatus 0 SControl 300)","ts":"2025-07-04T03:28:59.917946502Z"}
{"level":"warn","module":"runtime","msg":"[    1.005423] ata4: SATA link down (SStatus 0 SControl 300)","ts":"2025-07-04T03:28:59.920672358Z"}
{"level":"warn","module":"runtime","msg":"[    1.008144] ata5: SATA link down (SStatus 0 SControl 300)","ts":"2025-07-04T03:28:59.923374296Z"}
{"level":"warn","module":"runtime","msg":"[    1.010716] ata3: SATA link down (SStatus 0 SControl 300)","ts":"2025-07-04T03:28:59.925859738Z"}
{"level":"warn","module":"runtime","msg":"[    1.013219] ata1: SATA link down (SStatus 0 SControl 300)","ts":"2025-07-04T03:28:59.928367237Z"}
{"level":"warn","module":"runtime","msg":"[    1.029735] Freeing unused kernel image (initmem) memory: 17172K","ts":"2025-07-04T03:28:59.945628982Z"}
{"level":"warn","module":"runtime","msg":"[    1.032416] Write protecting the kernel read-only data: 18432k","ts":"2025-07-04T03:28:59.94785347Z"}
{"level":"warn","module":"runtime","msg":"[    1.035558] Freeing unused kernel image (rodata/data gap) memory: 1924K","ts":"2025-07-04T03:28:59.951209654Z"}
{"level":"warn","module":"runtime","msg":"[    1.038009] Run /init as init process","ts":"2025-07-04T03:28:59.952719627Z"}
{"level":"warn","module":"runtime","msg":"[    1.066299] device-mapper: verity: sha256 using shash \"sha256-ni\"","ts":"2025-07-04T03:28:59.981350297Z"}
{"level":"warn","module":"runtime","msg":"[    1.156832] input: ImExPS/2 Generic Explorer Mouse as /devices/platform/i8042/serio1/input/input2","ts":"2025-07-04T03:29:00.071862235Z"}
{"level":"info","module":"runtime","msg":"Runtime is starting","ts":"2025-07-04T03:28:58.810241637Z"}
{"level":"info","module":"runtime/tdx","msg":"Mounting required filesystems","ts":"2025-07-04T03:28:58.816974056Z"}
{"level":"info","module":"runtime/tdx","msg":"Setting up signal handlers","ts":"2025-07-04T03:28:58.822300623Z"}
{"level":"info","module":"runtime/tdx","msg":"Early initialization completed","ts":"2025-07-04T03:28:58.830924982Z"}
{"level":"info","module":"runtime","msg":"Establishing connection with the worker host","ts":"2025-07-04T03:28:58.84704682Z"}
{"level":"info","module":"runtime/protocol","msg":"Starting protocol writer thread","ts":"2025-07-04T03:28:59.162084326Z"}
{"level":"info","module":"runtime/protocol","msg":"Starting protocol reader thread","ts":"2025-07-04T03:28:59.18835702Z"}
{"consensus_backend":"tendermint","consensus_chain_context":"0b91b8e4e44b2003a7c5e23ddadb5e14ef5345c0ebcb3ddcae07fa2f244cab76","consensus_protocol_version":"Version { major: 7, minor: 0, patch: 0 }","level":"info","local_config":"{}","module":"runtime/protocol","msg":"Received host environment information","ts":"2025-07-04T03:28:59.208905454Z"}
{"level":"info","module":"runtime/consensus/cometbft/verifier","msg":"Starting consensus verifier","ts":"2025-07-04T03:28:59.248813504Z"}
{"level":"info","module":"runtime/dispatcher","msg":"Starting the runtime dispatcher","ts":"2025-07-04T03:28:59.260841178Z"}
{"level":"info","module":"runtime/consensus/cometbft/verifier","msg":"Loading trusted state","ts":"2025-07-04T03:28:59.273248093Z"}
{"level":"info","module":"runtime/consensus/cometbft/verifier","msg":"Checking chain context change","ts":"2025-07-04T03:28:59.291179021Z"}
{"app_id":"rofl1qz0vzsa0vt9vy4ex9gq4457h43uu7kukhv9naf8f","level":"info","module":"runtime/modules/rofl/app","msg":"starting processor","ts":"2025-07-04T03:28:59.306096623Z"}
{"level":"info","module":"runtime/consensus/cometbft/verifier","msg":"Consensus chain context hasn't changed","ts":"2025-07-04T03:28:59.316030093Z"}
{"level":"info","module":"runtime/attestation","msg":"Initializing the runtime key report","ts":"2025-07-04T03:28:59.323085254Z"}
{"level":"info","module":"runtime/consensus/cometbft/verifier","msg":"Consensus verifier initialized","trust_root_chain_context":"\"0b91b8e4e44b2003a7c5e23ddadb5e14ef5345c0ebcb3ddcae07fa2f244cab76\"","trust_root_hash":"\"32bb6800f41c308f2a5699dd19921603372fbf1a5500492dd9d50bbb458b1aa9\"","trust_root_height":27345327,"trust_root_runtime_id":"000000000000000000000000000000000000000000000000a6d1e3ebf60dff6c","ts":"2025-07-04T03:28:59.330215706Z"}
{"latest_height":27345406,"level":"info","module":"runtime/consensus/cometbft/verifier","msg":"Consensus verifier synced","ts":"2025-07-04T03:28:59.350511399Z"}
{"level":"info","module":"runtime/consensus/cometbft/verifier","msg":"Verifying state freshness using prove freshness transaction","ts":"2025-07-04T03:28:59.357694041Z"}
{"err":"BadResponse","level":"error","module":"runtime/modules/rofl/app","msg":"failed to register for notifications","ts":"2025-07-04T03:29:00.348552766Z"}
{"level":"info","module":"runtime/modules/rofl/app","msg":"entering processor loop","ts":"2025-07-04T03:29:00.374238625Z"}
{"level":"info","module":"runtime/modules/rofl/app/watchdog","msg":"starting watchdog task","ts":"2025-07-04T03:29:00.392511952Z"}
{"level":"info","module":"runtime/modules/rofl/app/registration","msg":"starting registration task","ts":"2025-07-04T03:29:00.409003787Z"}
{"level":"info","module":"runtime/modules/rofl/app/notifier","msg":"starting notifier task","ts":"2025-07-04T03:29:00.422971881Z"}
{"level":"info","module":"runtime/attestation","msg":"Configuring quote policy","ts":"2025-07-04T03:29:00.435097127Z"}
{"level":"info","module":"runtime/attestation","msg":"Configuring quote for the runtime attestation key binding","ts":"2025-07-04T03:29:00.44706594Z"}
{"level":"info","module":"runtime/consensus/cometbft/verifier","msg":"State freshness successfully verified","ts":"2025-07-04T03:29:02.757706148Z"}
{"level":"info","module":"runtime/attestation","msg":"Updating endorsed TEE capability","ts":"2025-07-04T03:29:02.784680587Z"}
{"epoch":45559,"last_registration_epoch":null,"level":"info","module":"runtime/modules/rofl/app/registration","msg":"refreshing registration","ts":"2025-07-04T03:29:02.928938834Z"}
{"level":"info","module":"runtime/modules/rofl/app/registration","msg":"refreshed registration","result":"Simple(NullValue)","ts":"2025-07-04T03:29:14.505286214Z"}
{"level":"info","module":"runtime/modules/rofl/app","msg":"initial registration completed","ts":"2025-07-04T03:29:14.535093679Z"}
{"level":"info","module":"runtime/modules/rofl/app","msg":"starting application","ts":"2025-07-04T03:29:14.554644124Z"}
{"level":"info","module":"runtime/modules/rofl/app","msg":"performing app-specific post-registration initialization","ts":"2025-07-04T03:29:14.573770372Z"}
{"level":"info","module":"runtime/appd/services/kms","msg":"starting KMS service","ts":"2025-07-04T03:29:14.587074802Z"}
{"level":"info","module":"runtime/appd/services/kms","msg":"attempting to obtain the root key for our application","ts":"2025-07-04T03:29:14.60060392Z"}
{"level":"info","module":"runtime/appd/services/kms","msg":"KMS service initialized","ts":"2025-07-04T03:29:25.999039049Z"}
{"level":"info","module":"runtime/post_registration_init","msg":"initializing stage 2 storage","ts":"2025-07-04T03:29:26.02030352Z"}
{"level":"warn","module":"runtime","msg":"[   30.534901] alg: No test for authenc(hmac(sha256),xts(aes)) (authenc(hmac(sha256-ni),xts-aes-vaes-avx2))","ts":"2025-07-04T03:29:29.450216624Z"}
{"level":"info","module":"runtime/storage","msg":"filesystem is already as big as the device, no resize needed","ts":"2025-07-04T03:29:28.174344552Z"}
{"level":"warn","module":"runtime","msg":"[   30.638528] EXT4-fs (dm-4): recovery complete","ts":"2025-07-04T03:29:29.553056757Z"}
{"level":"warn","module":"runtime","msg":"[   30.641249] EXT4-fs (dm-4): mounted filesystem ae71851f-c955-4cf0-8f19-f1a3b666bceb r/w with ordered data mode. Quota mode: disabled.","ts":"2025-07-04T03:29:29.556964788Z"}
{"level":"info","module":"runtime/post_registration_init","msg":"starting the API server","ts":"2025-07-04T03:29:28.280525805Z"}
{"level":"info","module":"runtime/post_registration_init","msg":"initializing container environment","ts":"2025-07-04T03:29:28.286269354Z"}
{"level":"info","module":"runtime/global","msg":"udhcpc: started, v1.36.1","ts":"2025-07-04T03:29:28.294528154Z"}
{"level":"info","module":"runtime/global","msg":"udhcpc: broadcasting discover","ts":"2025-07-04T03:29:28.307524236Z"}
{"level":"info","module":"runtime/global","msg":"udhcpc: broadcasting select for 10.0.2.15, server 10.0.2.2","ts":"2025-07-04T03:29:28.313900369Z"}
{"level":"warn","module":"runtime","msg":"{\"msg\":\"udhcpc: lease of 10.0.2.15 obtained from 10.0.2.2, lease time 86400\",\"level\":\"INFO\",\"ts\":\"2025-07-04T03:29:28.327632373Z/etc/udhcpc.d/50default: Adding DNS 10.0.2.3","ts":"2025-07-04T03:29:29.612671868Z"}
{"level":"warn","module":"runtime","msg":"\",\"module\":\"global\"}","ts":"2025-07-04T03:29:29.614361184Z"}
{"level":"info","module":"runtime/post_registration_init","msg":"initializing container secrets","ts":"2025-07-04T03:29:28.936216016Z"}
{"level":"warn","module":"runtime","msg":"4c3455e3b0041414e69c68def","ts":"2025-07-04T03:29:30.278518127Z"}
{"level":"warn","module":"runtime","msg":"f023a245357193f71bb95d7bf","ts":"2025-07-04T03:29:30.301806208Z"}
{"level":"info","module":"runtime/secrets","msg":"provisioned secret","pub_name":"MESSAGE","ts":"2025-07-04T03:29:29.024602927Z"}
{"level":"info","module":"runtime/post_registration_init","msg":"starting containers","ts":"2025-07-04T03:29:29.030899286Z"}
{"level":"warn","module":"runtime","msg":"containers_echo_1","ts":"2025-07-04T03:29:30.848562961Z"}
{"level":"warn","module":"runtime","msg":"containers_echo_1","ts":"2025-07-04T03:29:30.918695338Z"}
{"level":"warn","module":"runtime","msg":"215b1cd922d715fe648edc33b504182393e345d08c689780016dab724172beb3","ts":"2025-07-04T03:29:30.977114748Z"}
{"level":"warn","module":"runtime","msg":"63a5aab66e4ae5be8c468a97d677b34bf742344c8d6295c4798f86fb487b9102","ts":"2025-07-04T03:29:31.05950656Z"}
{"level":"warn","module":"runtime","msg":"594e6bfc1c5c8a95595e652c099922f7e8380985993e5c60efe9b83299e03d50","ts":"2025-07-04T03:29:31.506751578Z"}
{"level":"warn","module":"runtime","msg":"[   32.775573] podman1: port 1(veth0) entered blocking state","ts":"2025-07-04T03:29:31.690184894Z"}
{"level":"warn","module":"runtime","msg":"[   32.776649] podman1: port 1(veth0) entered disabled state","ts":"2025-07-04T03:29:31.691215324Z"}
{"level":"warn","module":"runtime","msg":"[   32.777686] veth0: entered allmulticast mode","ts":"2025-07-04T03:29:31.692107338Z"}
{"level":"warn","module":"runtime","msg":"[   32.778620] veth0: entered promiscuous mode","ts":"2025-07-04T03:29:31.693088888Z"}
{"level":"warn","module":"runtime","msg":"[   32.779905] podman1: port 1(veth0) entered blocking state","ts":"2025-07-04T03:29:31.694623113Z"}
{"level":"warn","module":"runtime","msg":"[   32.781023] podman1: port 1(veth0) entered forwarding state","ts":"2025-07-04T03:29:31.695613465Z"}
{"level":"warn","module":"runtime","msg":"containers_echo_1","ts":"2025-07-04T03:29:31.973928404Z"}
{"level":"info","module":"runtime/post_registration_init","msg":"everything is up and running","ts":"2025-07-04T03:29:30.767563977Z"}
{"level":"warn","module":"runtime","msg":"[   33.189454] podman1: port 1(veth0) entered disabled state","ts":"2025-07-04T03:29:32.104070477Z"}
{"level":"warn","module":"runtime","msg":"[   33.192530] veth0 (unregistering): left allmulticast mode","ts":"2025-07-04T03:29:32.107134443Z"}
{"level":"warn","module":"runtime","msg":"[   33.194346] veth0 (unregistering): left promiscuous mode","ts":"2025-07-04T03:29:32.10891124Z"}
{"level":"warn","module":"runtime","msg":"[   33.196344] podman1: port 1(veth0) entered disabled state","ts":"2025-07-04T03:29:32.11092888Z"}
{"level":"warn","module":"runtime","msg":"total        used        free      shared  buff/cache   available","ts":"2025-07-04T03:29:32.303478945Z"}
{"level":"warn","module":"runtime","msg":"Mem:         354.3M       51.2M      178.8M      180.0K      124.3M      294.0M","ts":"2025-07-04T03:29:32.305262642Z"}
{"level":"warn","module":"runtime","msg":"Swap:             0           0           0","ts":"2025-07-04T03:29:32.306338602Z"}
